stm32wbxx_ll_bus.h:512:22:LL_AHB2_GRP1_EnableClock	8	static
stm32wbxx_ll_bus.h:898:22:LL_APB1_GRP1_EnableClock	8	static
stm32wbxx_hal_msp.c:64:6:HAL_MspInit	0	static
stm32wbxx_hal_msp.c:83:6:HAL_LPTIM_MspInit	0	static
stm32wbxx_hal_msp.c:105:6:HAL_LPTIM_MspDeInit	0	static
stm32wbxx_hal_msp.c:127:6:HAL_QSPI_MspInit	40	static
stm32wbxx_hal_msp.c:175:6:HAL_QSPI_MspDeInit	8	static
stm32wbxx_hal_msp.c:210:6:HAL_RTC_MspInit	0	static
stm32wbxx_hal_msp.c:233:6:HAL_RTC_MspDeInit	0	static
stm32wbxx_hal_msp.c:256:6:HAL_SPI_MspInit	32	static
stm32wbxx_hal_msp.c:293:6:HAL_SPI_MspDeInit	0	static
