lr1110_radio.c:151:17:lr1110_radio_reset_stats	24	static
lr1110_radio.c:161:17:lr1110_radio_get_gfsk_stats	32	static
lr1110_radio.c:183:17:lr1110_radio_get_lora_stats	32	static
lr1110_radio.c:206:17:lr1110_radio_get_pkt_type	24	static
lr1110_radio.c:225:17:lr1110_radio_get_rx_buffer_status	24	static
lr1110_radio.c:247:17:lr1110_radio_get_gfsk_pkt_status	24	static
lr1110_radio.c:275:17:lr1110_radio_get_lora_pkt_status	24	static
lr1110_radio.c:297:17:lr1110_radio_get_rssi_inst	24	static
lr1110_radio.c:317:17:lr1110_radio_set_gfsk_sync_word	32	static
lr1110_radio.c:342:17:lr1110_radio_set_lora_sync_word	24	static
lr1110_radio.c:354:17:lr1110_radio_set_lora_public_network	32	static
lr1110_radio.c:374:17:lr1110_radio_set_rx_with_timeout_in_rtc_step	24	static
lr1110_radio.c:367:17:lr1110_radio_set_rx	0	static
lr1110_radio.c:395:17:lr1110_radio_set_tx_with_timeout_in_rtc_step	24	static
lr1110_radio.c:388:17:lr1110_radio_set_tx	0	static
lr1110_radio.c:409:17:lr1110_radio_set_rf_freq	24	static
lr1110_radio.c:424:17:lr1110_radio_auto_tx_rx	32	static
lr1110_radio.c:446:17:lr1110_radio_set_cad_params	32	static
lr1110_radio.c:465:17:lr1110_radio_set_pkt_type	24	static
lr1110_radio.c:477:17:lr1110_radio_set_gfsk_mod_params	32	static
lr1110_radio.c:502:17:lr1110_radio_set_lora_mod_params	24	static
lr1110_radio.c:519:17:lr1110_radio_set_gfsk_pkt_params	32	static
lr1110_radio.c:547:17:lr1110_radio_set_lora_pkt_params	24	static
lr1110_radio.c:569:17:lr1110_radio_set_tx_params	24	static
lr1110_radio.c:583:17:lr1110_radio_set_pkt_address	24	static
lr1110_radio.c:597:17:lr1110_radio_set_rx_tx_fallback_mode	24	static
lr1110_radio.c:622:17:lr1110_radio_set_rx_duty_cycle_with_timings_in_rtc_step	32	static
lr1110_radio.c:611:17:lr1110_radio_set_rx_duty_cycle	4	static
lr1110_radio.c:646:17:lr1110_radio_set_pa_cfg	24	static
lr1110_radio.c:662:17:lr1110_radio_stop_timeout_on_preamble	24	static
lr1110_radio.c:675:17:lr1110_radio_set_cad	24	static
lr1110_radio.c:685:17:lr1110_radio_set_tx_cw	24	static
lr1110_radio.c:695:17:lr1110_radio_set_tx_infinite_preamble	24	static
lr1110_radio.c:706:17:lr1110_radio_set_lora_sync_timeout	24	static
lr1110_radio.c:719:17:lr1110_radio_set_gfsk_crc_params	32	static
lr1110_radio.c:739:17:lr1110_radio_set_gfsk_whitening_seed	24	static
lr1110_radio.c:752:17:lr1110_radio_cfg_rx_boosted	24	static
lr1110_radio.c:764:17:lr1110_radio_get_gfsk_rx_bandwidth	0	static
lr1110_radio.c:858:10:lr1110_radio_get_lora_time_on_air_numerator	28	static
lr1110_radio.c:949:10:lr1110_radio_get_lora_bw_in_hz	0	static
lr1110_radio.c:987:10:lr1110_radio_get_lora_time_on_air_in_ms	8	static
lr1110_radio.c:996:10:lr1110_radio_get_gfsk_time_on_air_numerator	0	static
lr1110_radio.c:1006:10:lr1110_radio_get_gfsk_time_on_air_in_ms	8	static
lr1110_radio.c:1016:10:lr1110_radio_convert_time_in_ms_to_rtc_step	0	static
