lr1110_system.c:128:17:lr1110_system_reset	0	static
lr1110_system.c:133:17:lr1110_system_get_status	24	static
lr1110_system.c:162:17:lr1110_system_get_irq_status	32	static
lr1110_system.c:183:17:lr1110_system_get_version	24	static
lr1110_system.c:205:17:lr1110_system_get_errors	24	static
lr1110_system.c:225:17:lr1110_system_clear_errors	24	static
lr1110_system.c:236:17:lr1110_system_calibrate	24	static
lr1110_system.c:248:17:lr1110_system_set_reg_mode	24	static
lr1110_system.c:260:17:lr1110_system_calibrate_image	24	static
lr1110_system.c:273:17:lr1110_system_set_dio_as_rf_switch	32	static
lr1110_system.c:294:17:lr1110_system_set_dio_irq_params	32	static
lr1110_system.c:315:17:lr1110_system_clear_irq_status	24	static
lr1110_system.c:330:17:lr1110_system_get_and_clear_irq_status	24	static
lr1110_system.c:347:17:lr1110_system_cfg_lfclk	24	static
lr1110_system.c:361:17:lr1110_system_set_tcxo_mode	24	static
lr1110_system.c:378:17:lr1110_system_reboot	24	static
lr1110_system.c:390:17:lr1110_system_get_vbat	24	static
lr1110_system.c:401:17:lr1110_system_get_temp	24	static
lr1110_system.c:421:17:lr1110_system_set_sleep	32	static
lr1110_system.c:439:17:lr1110_system_set_standby	24	static
lr1110_system.c:451:17:lr1110_system_wakeup	0	static
lr1110_system.c:456:17:lr1110_system_set_fs	24	static
lr1110_system.c:466:17:lr1110_system_erase_infopage	24	static
lr1110_system.c:478:17:lr1110_system_write_infopage	296	static
lr1110_system.c:506:17:lr1110_system_read_infopage	32	static
lr1110_system.c:539:17:lr1110_system_read_uid	24	static
lr1110_system.c:550:17:lr1110_system_read_join_eui	24	static
lr1110_system.c:561:17:lr1110_system_read_pin	24	static
lr1110_system.c:572:17:lr1110_system_read_pin_custom_eui	48	static
lr1110_system.c:597:17:lr1110_system_get_random_number	24	static
