lr1110_gnss.c:674:10:lr1110_gnss_uint8_to_uint32	0	static
lr1110_gnss.c:331:17:lr1110_gnss_get_almanac_address_size.constprop	40	static
lr1110_gnss.c:162:17:lr1110_gnss_get_result_size	24	static
lr1110_gnss.c:180:17:lr1110_gnss_read_results	24	static
lr1110_gnss.c:189:17:lr1110_gnss_get_timings	40	static
lr1110_gnss.c:202:17:lr1110_gnss_one_satellite_almanac_update	24	static
lr1110_gnss.c:213:17:lr1110_gnss_almanac_full_update	40	static
lr1110_gnss.c:243:17:lr1110_gnss_read_almanac	224	static
lr1110_gnss.c:284:17:lr1110_gnss_get_almanac_age_for_satellite	24	static
lr1110_gnss.c:312:17:lr1110_gnss_get_almanac_crc	24	static
lr1110_gnss.c:350:17:lr1110_gnss_push_solver_msg	24	static
lr1110_gnss.c:359:17:lr1110_gnss_set_constellations_to_use	24	static
lr1110_gnss.c:372:17:lr1110_gnss_read_used_constellations	24	static
lr1110_gnss.c:384:17:lr1110_gnss_set_almanac_update	24	static
lr1110_gnss.c:397:17:lr1110_gnss_read_almanac_update	24	static
lr1110_gnss.c:409:17:lr1110_gnss_read_firmware_version	24	static
lr1110_gnss.c:426:17:lr1110_gnss_read_supported_constellations	24	static
lr1110_gnss.c:438:17:lr1110_gnss_set_scan_mode	24	static
lr1110_gnss.c:452:17:lr1110_gnss_scan_autonomous	32	static
lr1110_gnss.c:472:17:lr1110_gnss_scan_assisted	32	static
lr1110_gnss.c:492:17:lr1110_gnss_scan_continuous	24	static
lr1110_gnss.c:502:17:lr1110_gnss_set_assistance_position	24	static
lr1110_gnss.c:524:17:lr1110_gnss_read_assistance_position	24	static
lr1110_gnss.c:546:17:lr1110_gnss_set_xtal_error	24	static
lr1110_gnss.c:562:17:lr1110_gnss_read_xtal_error	24	static
lr1110_gnss.c:580:17:lr1110_gnss_push_dmc_msg	24	static
lr1110_gnss.c:591:17:lr1110_gnss_get_context_status	24	static
lr1110_gnss.c:604:17:lr1110_gnss_get_nb_detected_satellites	24	static
lr1110_gnss.c:615:17:lr1110_gnss_get_detected_satellites	96	static
lr1110_gnss.c:644:6:lr1110_gnss_parse_context_status_buffer	0	static
