lr1110_wifi.c:552:17:uint16_from_array	0	static
lr1110_wifi.c:557:17:uint64_from_array	20	static
lr1110_wifi.c:565:13:lr1110_wifi_read_mac_address_from_buffer	0	static
lr1110_wifi.c:622:24:fetch_and_aggregate_all_results	88	static
lr1110_wifi.c:223:17:lr1110_wifi_scan	32	static
lr1110_wifi.c:244:17:lr1110_wifi_search_country_code	32	static
lr1110_wifi.c:262:17:lr1110_wifi_scan_time_limit	40	static
lr1110_wifi.c:283:17:lr1110_wifi_search_country_code_time_limit	40	static
lr1110_wifi.c:303:17:lr1110_wifi_cfg_hardware_debarker	24	static
lr1110_wifi.c:314:17:lr1110_wifi_get_nb_results	24	static
lr1110_wifi.c:325:17:lr1110_wifi_read_basic_complete_results	752	static
lr1110_wifi.c:340:17:lr1110_wifi_read_basic_mac_type_channel_results	328	static
lr1110_wifi.c:356:17:lr1110_wifi_read_extended_full_results	1056	static
lr1110_wifi.c:371:17:lr1110_wifi_reset_cumulative_timing	24	static
lr1110_wifi.c:379:17:lr1110_wifi_read_cumulative_timing	40	static
lr1110_wifi.c:404:17:lr1110_wifi_get_nb_country_code_results	24	static
lr1110_wifi.c:422:17:lr1110_wifi_read_country_code_results	360	static
lr1110_wifi.c:459:17:lr1110_wifi_cfg_timestamp_ap_phone	24	static
lr1110_wifi.c:475:17:lr1110_wifi_read_version	24	static
lr1110_wifi.c:492:9:lr1110_wifi_get_nb_results_max_per_chunk	0	static
lr1110_wifi.c:497:6:lr1110_wifi_parse_channel_info	8	static
lr1110_wifi.c:505:23:lr1110_wifi_extract_channel_from_info_byte	0	static
lr1110_wifi.c:510:6:lr1110_wifi_parse_frame_type_info	8	static
lr1110_wifi.c:520:6:lr1110_wifi_parse_data_rate_info	0	static
lr1110_wifi.c:528:34:lr1110_wifi_extract_signal_type_from_data_rate_info	0	static
