stm32wbxx_ll_rcc.h:1350:26:LL_RCC_HSE_IsEnabledDiv2	0	static
stm32wbxx_ll_rcc.h:1574:26:LL_RCC_HSI_IsReady	0	static
stm32wbxx_ll_rcc.h:1797:26:LL_RCC_LSE_IsReady	0	static
stm32wbxx_ll_rcc.h:1845:26:LL_RCC_LSI1_IsReady	0	static
stm32wbxx_ll_rcc.h:1883:26:LL_RCC_LSI2_IsReady	0	static
stm32wbxx_ll_rcc.h:2014:26:LL_RCC_MSI_GetRange	0	static
stm32wbxx_ll_rcc.h:2610:22:LL_RCC_SetI2CClockSource	0	static
stm32wbxx_ll_rcc.h:3061:26:LL_RCC_PLL_IsReady	0	static
stm32wbxx_ll_rcc.h:3486:22:LL_RCC_PLLSAI1_Enable	0	static
stm32wbxx_ll_rcc.h:3496:22:LL_RCC_PLLSAI1_Disable	0	static
stm32wbxx_ll_rcc.h:3506:26:LL_RCC_PLLSAI1_IsReady	0	static
stm32wbxx_ll_bus.h:512:22:LL_AHB2_GRP1_EnableClock	8	static
stm32wbxx_hal_rcc_ex.c:2235:17:RCC_PLL_GetFreqDomain_Q	8	static
stm32wbxx_hal_rcc_ex.c:2192:17:RCC_PLL_GetFreqDomain_P	8	static
stm32wbxx_hal_rcc_ex.c:150:19:HAL_RCCEx_PeriphCLKConfig	24	static
stm32wbxx_hal_rcc_ex.c:1169:10:HAL_RCCEx_GetRngCLKSource	0	static
stm32wbxx_hal_rcc_ex.c:462:6:HAL_RCCEx_GetPeriphCLKConfig	8	static
stm32wbxx_hal_rcc_ex.c:581:10:HAL_RCCEx_GetPeriphCLKFreq	8	static
stm32wbxx_hal_rcc_ex.c:1210:19:HAL_RCCEx_EnablePLLSAI1	16	static
stm32wbxx_hal_rcc_ex.c:1270:19:HAL_RCCEx_DisablePLLSAI1	8	static
stm32wbxx_hal_rcc_ex.c:1310:6:HAL_RCCEx_WakeUpStopCLKConfig	0	static
stm32wbxx_hal_rcc_ex.c:1324:6:HAL_RCCEx_EnableLSECSS	0	static
stm32wbxx_hal_rcc_ex.c:1334:6:HAL_RCCEx_DisableLSECSS	0	static
stm32wbxx_hal_rcc_ex.c:1347:6:HAL_RCCEx_EnableLSECSS_IT	0	static
stm32wbxx_hal_rcc_ex.c:1383:13:HAL_RCCEx_LSECSS_Callback	0	static
stm32wbxx_hal_rcc_ex.c:1366:6:HAL_RCCEx_LSECSS_IRQHandler	8	static
stm32wbxx_hal_rcc_ex.c:1404:6:HAL_RCCEx_LSCOConfig	40	static
stm32wbxx_hal_rcc_ex.c:1485:6:HAL_RCCEx_EnableLSCO	40	static
stm32wbxx_hal_rcc_ex.c:1527:6:HAL_RCCEx_DisableLSCO	8	static
stm32wbxx_hal_rcc_ex.c:1558:6:HAL_RCCEx_EnableMSIPLLMode	0	static
stm32wbxx_hal_rcc_ex.c:1568:6:HAL_RCCEx_DisableMSIPLLMode	0	static
stm32wbxx_hal_rcc_ex.c:1584:19:HAL_RCCEx_TrimOsc	8	static
stm32wbxx_hal_rcc_ex.c:1686:6:HAL_RCCEx_CRSConfig	0	static
stm32wbxx_hal_rcc_ex.c:1728:6:HAL_RCCEx_CRSSoftwareSynchronizationGenerate	0	static
stm32wbxx_hal_rcc_ex.c:1738:6:HAL_RCCEx_CRSGetSynchronizationInfo	0	static
stm32wbxx_hal_rcc_ex.c:1771:10:HAL_RCCEx_CRSWaitSynchronization	24	static
stm32wbxx_hal_rcc_ex.c:1920:13:HAL_RCCEx_CRS_SyncOkCallback	0	static
stm32wbxx_hal_rcc_ex.c:1931:13:HAL_RCCEx_CRS_SyncWarnCallback	0	static
stm32wbxx_hal_rcc_ex.c:1942:13:HAL_RCCEx_CRS_ExpectedSyncCallback	0	static
stm32wbxx_hal_rcc_ex.c:1958:13:HAL_RCCEx_CRS_ErrorCallback	0	static
stm32wbxx_hal_rcc_ex.c:1855:6:HAL_RCCEx_CRS_IRQHandler	8	static
