stm32wbxx_hal_qspi.c:2425:13:QSPI_DMARxCplt	0	static
stm32wbxx_hal_qspi.c:2439:13:QSPI_DMATxCplt	0	static
stm32wbxx_hal_qspi.c:2582:13:QSPI_Config	28	static
stm32wbxx_hal_qspi.c:2549:26:QSPI_WaitFlagStateUntilTimeout	24	static
stm32wbxx_hal_qspi.c:432:13:HAL_QSPI_MspInit	0	static
stm32wbxx_hal_qspi.c:290:19:HAL_QSPI_Init	32	static
stm32wbxx_hal_qspi.c:447:13:HAL_QSPI_MspDeInit	0	static
stm32wbxx_hal_qspi.c:388:19:HAL_QSPI_DeInit	8	static
stm32wbxx_hal_qspi.c:775:19:HAL_QSPI_Command	48	static
stm32wbxx_hal_qspi.c:863:19:HAL_QSPI_Command_IT	32	static
stm32wbxx_hal_qspi.c:962:19:HAL_QSPI_Transmit	40	static
stm32wbxx_hal_qspi.c:1045:19:HAL_QSPI_Receive	40	static
stm32wbxx_hal_qspi.c:1130:19:HAL_QSPI_Transmit_IT	8	static
stm32wbxx_hal_qspi.c:1190:19:HAL_QSPI_Receive_IT	12	static
stm32wbxx_hal_qspi.c:1258:19:HAL_QSPI_Transmit_DMA	24	static
stm32wbxx_hal_qspi.c:1402:19:HAL_QSPI_Receive_DMA	24	static
stm32wbxx_hal_qspi.c:1548:19:HAL_QSPI_AutoPolling	40	static
stm32wbxx_hal_qspi.c:1647:19:HAL_QSPI_AutoPolling_IT	32	static
stm32wbxx_hal_qspi.c:1750:19:HAL_QSPI_MemoryMapped	32	static
stm32wbxx_hal_qspi.c:1835:13:HAL_QSPI_ErrorCallback	0	static
stm32wbxx_hal_qspi.c:2506:13:QSPI_DMAAbortCplt	8	static
stm32wbxx_hal_qspi.c:1850:13:HAL_QSPI_AbortCpltCallback	0	static
stm32wbxx_hal_qspi.c:1865:13:HAL_QSPI_CmdCpltCallback	0	static
stm32wbxx_hal_qspi.c:1880:13:HAL_QSPI_RxCpltCallback	0	static
stm32wbxx_hal_qspi.c:1895:13:HAL_QSPI_TxCpltCallback	0	static
stm32wbxx_hal_qspi.c:1910:13:HAL_QSPI_RxHalfCpltCallback	0	static
stm32wbxx_hal_qspi.c:2453:13:QSPI_DMARxHalfCplt	8	static
stm32wbxx_hal_qspi.c:1925:13:HAL_QSPI_TxHalfCpltCallback	0	static
stm32wbxx_hal_qspi.c:2469:13:QSPI_DMATxHalfCplt	8	static
stm32wbxx_hal_qspi.c:1940:13:HAL_QSPI_FifoThresholdCallback	0	static
stm32wbxx_hal_qspi.c:1955:13:HAL_QSPI_StatusMatchCallback	0	static
stm32wbxx_hal_qspi.c:1970:13:HAL_QSPI_TimeOutCallback	0	static
stm32wbxx_hal_qspi.c:486:6:HAL_QSPI_IRQHandler	16	static
stm32wbxx_hal_qspi.c:2228:23:HAL_QSPI_GetState	0	static
stm32wbxx_hal_qspi.c:2239:10:HAL_QSPI_GetError	0	static
stm32wbxx_hal_qspi.c:2249:19:HAL_QSPI_Abort	24	static
stm32wbxx_hal_qspi.c:2305:19:HAL_QSPI_Abort_IT	8	static
stm32wbxx_hal_qspi.c:2485:13:QSPI_DMAError	0	static
stm32wbxx_hal_qspi.c:2361:6:HAL_QSPI_SetTimeout	0	static
stm32wbxx_hal_qspi.c:2371:19:HAL_QSPI_SetFifoThreshold	0	static
stm32wbxx_hal_qspi.c:2403:10:HAL_QSPI_GetFifoThreshold	0	static
