stm32wbxx_hal_pcd.c:252:13:HAL_PCD_MspInit	0	static
stm32wbxx_hal_pcd.c:120:19:HAL_PCD_Init	40	static
stm32wbxx_hal_pcd.c:267:13:HAL_PCD_MspDeInit	0	static
stm32wbxx_hal_pcd.c:962:19:HAL_PCD_Start	8	static
stm32wbxx_hal_pcd.c:976:19:HAL_PCD_Stop	8	static
stm32wbxx_hal_pcd.c:216:19:HAL_PCD_DeInit	8	static
stm32wbxx_hal_pcd.c:1120:13:HAL_PCD_DataOutStageCallback	0	static
stm32wbxx_hal_pcd.c:1137:13:HAL_PCD_DataInStageCallback	0	static
stm32wbxx_hal_pcd.c:1152:13:HAL_PCD_SetupStageCallback	0	static
stm32wbxx_hal_pcd.c:1167:13:HAL_PCD_SOFCallback	0	static
stm32wbxx_hal_pcd.c:1182:13:HAL_PCD_ResetCallback	0	static
stm32wbxx_hal_pcd.c:1197:13:HAL_PCD_SuspendCallback	0	static
stm32wbxx_hal_pcd.c:1212:13:HAL_PCD_ResumeCallback	0	static
stm32wbxx_hal_pcd.c:1228:13:HAL_PCD_ISOOUTIncompleteCallback	0	static
stm32wbxx_hal_pcd.c:1245:13:HAL_PCD_ISOINIncompleteCallback	0	static
stm32wbxx_hal_pcd.c:1261:13:HAL_PCD_ConnectCallback	0	static
stm32wbxx_hal_pcd.c:1276:13:HAL_PCD_DisconnectCallback	0	static
stm32wbxx_hal_pcd.c:1310:19:HAL_PCD_DevConnect	8	static
stm32wbxx_hal_pcd.c:1323:19:HAL_PCD_DevDisconnect	8	static
stm32wbxx_hal_pcd.c:1337:19:HAL_PCD_SetAddress	8	static
stm32wbxx_hal_pcd.c:1353:19:HAL_PCD_EP_Open	16	static
stm32wbxx_hal_pcd.c:1397:19:HAL_PCD_EP_Close	8	static
stm32wbxx_hal_pcd.c:1428:19:HAL_PCD_EP_Receive	16	static
stm32wbxx_hal_pcd.c:1459:10:HAL_PCD_EP_GetRxCount	0	static
stm32wbxx_hal_pcd.c:1471:19:HAL_PCD_EP_Transmit	16	static
stm32wbxx_hal_pcd.c:994:6:HAL_PCD_IRQHandler	40	static
stm32wbxx_hal_pcd.c:1502:19:HAL_PCD_EP_SetStall	16	static
stm32wbxx_hal_pcd.c:1543:19:HAL_PCD_EP_ClrStall	16	static
stm32wbxx_hal_pcd.c:1579:19:HAL_PCD_EP_Flush	0	static
stm32wbxx_hal_pcd.c:1593:19:HAL_PCD_ActivateRemoteWakeup	0	static
stm32wbxx_hal_pcd.c:1603:19:HAL_PCD_DeActivateRemoteWakeup	0	static
stm32wbxx_hal_pcd.c:1632:18:HAL_PCD_GetState	0	static
