stm32wbxx_ll_rcc.h:2629:22:LL_RCC_SetLPTIMClockSource	0	static
stm32wbxx_hal_lptim.c:2360:26:LPTIM_WaitForFlag	8	static
stm32wbxx_hal_lptim.c:441:13:HAL_LPTIM_MspInit	0	static
stm32wbxx_hal_lptim.c:241:19:HAL_LPTIM_Init	16	static
stm32wbxx_hal_lptim.c:456:13:HAL_LPTIM_MspDeInit	0	static
stm32wbxx_hal_lptim.c:505:19:HAL_LPTIM_PWM_Start	16	static
stm32wbxx_hal_lptim.c:728:19:HAL_LPTIM_OnePulse_Start	16	static
stm32wbxx_hal_lptim.c:951:19:HAL_LPTIM_SetOnce_Start	16	static
stm32wbxx_hal_lptim.c:1172:19:HAL_LPTIM_Encoder_Start	16	static
stm32wbxx_hal_lptim.c:1384:19:HAL_LPTIM_TimeOut_Start	16	static
stm32wbxx_hal_lptim.c:1587:19:HAL_LPTIM_Counter_Start	8	static
stm32wbxx_hal_lptim.c:1788:10:HAL_LPTIM_ReadCounter	0	static
stm32wbxx_hal_lptim.c:1801:10:HAL_LPTIM_ReadAutoReload	0	static
stm32wbxx_hal_lptim.c:1814:10:HAL_LPTIM_ReadCompare	0	static
stm32wbxx_hal_lptim.c:1980:13:HAL_LPTIM_CompareMatchCallback	0	static
stm32wbxx_hal_lptim.c:1995:13:HAL_LPTIM_AutoReloadMatchCallback	0	static
stm32wbxx_hal_lptim.c:2010:13:HAL_LPTIM_TriggerCallback	0	static
stm32wbxx_hal_lptim.c:2025:13:HAL_LPTIM_CompareWriteCallback	0	static
stm32wbxx_hal_lptim.c:2040:13:HAL_LPTIM_AutoReloadWriteCallback	0	static
stm32wbxx_hal_lptim.c:2055:13:HAL_LPTIM_DirectionUpCallback	0	static
stm32wbxx_hal_lptim.c:2070:13:HAL_LPTIM_DirectionDownCallback	0	static
stm32wbxx_hal_lptim.c:1853:6:HAL_LPTIM_IRQHandler	8	static
stm32wbxx_hal_lptim.c:2313:24:HAL_LPTIM_GetState	0	static
stm32wbxx_hal_lptim.c:2386:6:LPTIM_Disable	32	static,ignoring_inline_asm
stm32wbxx_hal_lptim.c:394:19:HAL_LPTIM_DeInit	8	static
stm32wbxx_hal_lptim.c:560:19:HAL_LPTIM_PWM_Stop	8	static
stm32wbxx_hal_lptim.c:783:19:HAL_LPTIM_OnePulse_Stop	0	static
stm32wbxx_hal_lptim.c:1006:19:HAL_LPTIM_SetOnce_Stop	0	static
stm32wbxx_hal_lptim.c:1635:19:HAL_LPTIM_Counter_Stop	0	static
stm32wbxx_hal_lptim.c:592:19:HAL_LPTIM_PWM_Start_IT	16	static
stm32wbxx_hal_lptim.c:677:19:HAL_LPTIM_PWM_Stop_IT	8	static
stm32wbxx_hal_lptim.c:900:19:HAL_LPTIM_OnePulse_Stop_IT	0	static
stm32wbxx_hal_lptim.c:1123:19:HAL_LPTIM_SetOnce_Stop_IT	0	static
stm32wbxx_hal_lptim.c:815:19:HAL_LPTIM_OnePulse_Start_IT	16	static
stm32wbxx_hal_lptim.c:1038:19:HAL_LPTIM_SetOnce_Start_IT	16	static
stm32wbxx_hal_lptim.c:1231:19:HAL_LPTIM_Encoder_Stop	8	static
stm32wbxx_hal_lptim.c:1264:19:HAL_LPTIM_Encoder_Start_IT	16	static
stm32wbxx_hal_lptim.c:1341:19:HAL_LPTIM_Encoder_Stop_IT	8	static
stm32wbxx_hal_lptim.c:1439:19:HAL_LPTIM_TimeOut_Stop	8	static
stm32wbxx_hal_lptim.c:1476:19:HAL_LPTIM_TimeOut_Start_IT	16	static
stm32wbxx_hal_lptim.c:1548:19:HAL_LPTIM_TimeOut_Stop_IT	8	static
stm32wbxx_hal_lptim.c:1665:19:HAL_LPTIM_Counter_Start_IT	8	static
stm32wbxx_hal_lptim.c:1733:19:HAL_LPTIM_Counter_Stop_IT	8	static
