stm32wbxx_hal_spi.c:3845:26:SPI_WaitFlagStateUntilTimeout.constprop	32	static
stm32wbxx_hal_spi.c:3914:26:SPI_WaitFifoStateUntilTimeout.constprop	32	static
stm32wbxx_hal_spi.c:4238:13:SPI_AbortRx_ISR	16	static
stm32wbxx_hal_spi.c:3987:26:SPI_EndRxTransaction	24	static
stm32wbxx_hal_spi.c:4023:26:SPI_EndRxTxTransaction	24	static
stm32wbxx_hal_spi.c:4282:13:SPI_AbortTx_ISR	16	static
stm32wbxx_hal_spi.c:535:13:HAL_SPI_MspInit	0	static
stm32wbxx_hal_spi.c:316:19:HAL_SPI_Init	16	static
stm32wbxx_hal_spi.c:551:13:HAL_SPI_MspDeInit	0	static
stm32wbxx_hal_spi.c:491:19:HAL_SPI_DeInit	8	static
stm32wbxx_hal_spi.c:823:19:HAL_SPI_Transmit	40	static
stm32wbxx_hal_spi.c:1235:19:HAL_SPI_TransmitReceive	32	static
stm32wbxx_hal_spi.c:1008:19:HAL_SPI_Receive	32	static
stm32wbxx_hal_spi.c:1533:19:HAL_SPI_Transmit_IT	0	static
stm32wbxx_hal_spi.c:1725:19:HAL_SPI_TransmitReceive_IT	12	static
stm32wbxx_hal_spi.c:1618:19:HAL_SPI_Receive_IT	12	static
stm32wbxx_hal_spi.c:1834:19:HAL_SPI_Transmit_DMA	16	static
stm32wbxx_hal_spi.c:2104:19:HAL_SPI_TransmitReceive_DMA	16	static
stm32wbxx_hal_spi.c:1959:19:HAL_SPI_Receive_DMA	24	static
stm32wbxx_hal_spi.c:2296:19:HAL_SPI_Abort	24	static
stm32wbxx_hal_spi.c:2617:19:HAL_SPI_DMAPause	0	static
stm32wbxx_hal_spi.c:2637:19:HAL_SPI_DMAResume	0	static
stm32wbxx_hal_spi.c:2657:19:HAL_SPI_DMAStop	16	static
stm32wbxx_hal_spi.c:2804:13:HAL_SPI_TxCpltCallback	0	static
stm32wbxx_hal_spi.c:2820:13:HAL_SPI_RxCpltCallback	0	static
stm32wbxx_hal_spi.c:2836:13:HAL_SPI_TxRxCpltCallback	0	static
stm32wbxx_hal_spi.c:2852:13:HAL_SPI_TxHalfCpltCallback	0	static
stm32wbxx_hal_spi.c:3240:13:SPI_DMAHalfTransmitCplt	8	static
stm32wbxx_hal_spi.c:2868:13:HAL_SPI_RxHalfCpltCallback	0	static
stm32wbxx_hal_spi.c:3258:13:SPI_DMAHalfReceiveCplt	8	static
stm32wbxx_hal_spi.c:2884:13:HAL_SPI_TxRxHalfCpltCallback	0	static
stm32wbxx_hal_spi.c:3276:13:SPI_DMAHalfTransmitReceiveCplt	8	static
stm32wbxx_hal_spi.c:2900:13:HAL_SPI_ErrorCallback	0	static
stm32wbxx_hal_spi.c:4189:13:SPI_CloseTx_ISR	16	static
stm32wbxx_hal_spi.c:3790:13:SPI_TxISR_8BIT	0	static
stm32wbxx_hal_spi.c:3815:13:SPI_TxISR_16BIT	4	static
stm32wbxx_hal_spi.c:4132:13:SPI_CloseRx_ISR	8	static
stm32wbxx_hal_spi.c:3705:13:SPI_RxISR_8BIT	0	static
stm32wbxx_hal_spi.c:3757:13:SPI_RxISR_16BIT	0	static
stm32wbxx_hal_spi.c:4055:13:SPI_CloseRxTx_ISR	8	static
stm32wbxx_hal_spi.c:3548:13:SPI_2linesTxISR_8BIT	0	static
stm32wbxx_hal_spi.c:3470:13:SPI_2linesRxISR_8BIT	0	static
stm32wbxx_hal_spi.c:3647:13:SPI_2linesTxISR_16BIT	4	static
stm32wbxx_hal_spi.c:3595:13:SPI_2linesRxISR_16BIT	4	static
stm32wbxx_hal_spi.c:3294:13:SPI_DMAError	8	static
stm32wbxx_hal_spi.c:2990:13:SPI_DMATransmitCplt	24	static
stm32wbxx_hal_spi.c:3047:13:SPI_DMAReceiveCplt	16	static
stm32wbxx_hal_spi.c:3151:13:SPI_DMATransmitReceiveCplt	16	static
stm32wbxx_hal_spi.c:2697:6:HAL_SPI_IRQHandler	40	static
stm32wbxx_hal_spi.c:3317:13:SPI_DMAAbortOnError	8	static
stm32wbxx_hal_spi.c:2918:13:HAL_SPI_AbortCpltCallback	0	static
stm32wbxx_hal_spi.c:2456:19:HAL_SPI_Abort_IT	32	static
stm32wbxx_hal_spi.c:3405:13:SPI_DMARxAbortCallback	16	static
stm32wbxx_hal_spi.c:3339:13:SPI_DMATxAbortCallback	16	static
stm32wbxx_hal_spi.c:2953:22:HAL_SPI_GetState	0	static
stm32wbxx_hal_spi.c:2965:10:HAL_SPI_GetError	0	static
