Archive member included to satisfy reference by file (symbol)

c:/st/stm32cubeide_1.7.0/stm32cubeide/plugins/com.st.stm32cube.ide.mcu.externaltools.gnu-tools-for-stm32.9-2020-q2-update.win32_2.0.0.202105311346/tools/bin/../lib/gcc/arm-none-eabi/9.3.1/../../../../arm-none-eabi/lib/thumb/v7e-m+fp/hard\libc_nano.a(lib_a-errno.o)
                              ./Core/Src/syscalls.o (__errno)
c:/st/stm32cubeide_1.7.0/stm32cubeide/plugins/com.st.stm32cube.ide.mcu.externaltools.gnu-tools-for-stm32.9-2020-q2-update.win32_2.0.0.202105311346/tools/bin/../lib/gcc/arm-none-eabi/9.3.1/../../../../arm-none-eabi/lib/thumb/v7e-m+fp/hard\libc_nano.a(lib_a-exit.o)
                              c:/st/stm32cubeide_1.7.0/stm32cubeide/plugins/com.st.stm32cube.ide.mcu.externaltools.gnu-tools-for-stm32.9-2020-q2-update.win32_2.0.0.202105311346/tools/bin/../lib/gcc/arm-none-eabi/9.3.1/../../../../arm-none-eabi/lib/thumb/v7e-m+fp/hard/crt0.o (exit)
c:/st/stm32cubeide_1.7.0/stm32cubeide/plugins/com.st.stm32cube.ide.mcu.externaltools.gnu-tools-for-stm32.9-2020-q2-update.win32_2.0.0.202105311346/tools/bin/../lib/gcc/arm-none-eabi/9.3.1/../../../../arm-none-eabi/lib/thumb/v7e-m+fp/hard\libc_nano.a(lib_a-impure.o)
                              c:/st/stm32cubeide_1.7.0/stm32cubeide/plugins/com.st.stm32cube.ide.mcu.externaltools.gnu-tools-for-stm32.9-2020-q2-update.win32_2.0.0.202105311346/tools/bin/../lib/gcc/arm-none-eabi/9.3.1/../../../../arm-none-eabi/lib/thumb/v7e-m+fp/hard\libc_nano.a(lib_a-exit.o) (_global_impure_ptr)
c:/st/stm32cubeide_1.7.0/stm32cubeide/plugins/com.st.stm32cube.ide.mcu.externaltools.gnu-tools-for-stm32.9-2020-q2-update.win32_2.0.0.202105311346/tools/bin/../lib/gcc/arm-none-eabi/9.3.1/../../../../arm-none-eabi/lib/thumb/v7e-m+fp/hard\libc_nano.a(lib_a-init.o)
                              c:/st/stm32cubeide_1.7.0/stm32cubeide/plugins/com.st.stm32cube.ide.mcu.externaltools.gnu-tools-for-stm32.9-2020-q2-update.win32_2.0.0.202105311346/tools/bin/../lib/gcc/arm-none-eabi/9.3.1/../../../../arm-none-eabi/lib/thumb/v7e-m+fp/hard/crt0.o (__libc_init_array)
c:/st/stm32cubeide_1.7.0/stm32cubeide/plugins/com.st.stm32cube.ide.mcu.externaltools.gnu-tools-for-stm32.9-2020-q2-update.win32_2.0.0.202105311346/tools/bin/../lib/gcc/arm-none-eabi/9.3.1/../../../../arm-none-eabi/lib/thumb/v7e-m+fp/hard\libc_nano.a(lib_a-memset.o)
                              c:/st/stm32cubeide_1.7.0/stm32cubeide/plugins/com.st.stm32cube.ide.mcu.externaltools.gnu-tools-for-stm32.9-2020-q2-update.win32_2.0.0.202105311346/tools/bin/../lib/gcc/arm-none-eabi/9.3.1/../../../../arm-none-eabi/lib/thumb/v7e-m+fp/hard/crt0.o (memset)

Allocating common symbols
Common symbol       size              file

hUsbDeviceFS        0x2d0             ./USB_Device/App/usb_device.o
pwr_in_dbm          0x1               ./Core/Src/main.o
mod_params          0x4               ./Core/Src/main.o
hspi2               0x64              ./Core/Src/main.o
QSPI_CMD            0x34              ./Core/Src/main.o
uwTick              0x4               ./Drivers/STM32WBxx_HAL_Driver/Src/stm32wbxx_hal.o
UserRxBufferFS      0x800             ./USB_Device/App/usbd_cdc_if.o
pa_cfg              0x4               ./Core/Src/main.o
UserTxBufferFS      0x800             ./USB_Device/App/usbd_cdc_if.o
hlptim1             0x38              ./Core/Src/main.o
irq                 0x4               ./Core/Src/main.o
hrtc                0x24              ./Core/Src/main.o
almanac_date        0x2               ./Core/Src/lr1110/lr1110_gnss.o
ramp_time           0x1               ./Core/Src/main.o
lr1110              0x30              ./Core/Src/lr1110/lr1110_hal.o
rf_switch_cfg       0x8               ./Core/Src/main.o
lr1110_gnss_update_payload_from_dmc_raw_buffer
                    0xb04             ./Core/Src/lr1110/lr1110_gnss.o
pkt_param           0x6               ./Core/Src/main.o
hpcd_USB_FS         0x274             ./USB_Device/Target/usbd_conf.o
USBD_StrDesc        0x200             ./USB_Device/App/usbd_desc.o
hqspi               0x44              ./Core/Src/main.o

Discarded input sections

 .text          0x0000000000000000        0x0 c:/st/stm32cubeide_1.7.0/stm32cubeide/plugins/com.st.stm32cube.ide.mcu.externaltools.gnu-tools-for-stm32.9-2020-q2-update.win32_2.0.0.202105311346/tools/bin/../lib/gcc/arm-none-eabi/9.3.1/thumb/v7e-m+fp/hard/crti.o
 .data          0x0000000000000000        0x0 c:/st/stm32cubeide_1.7.0/stm32cubeide/plugins/com.st.stm32cube.ide.mcu.externaltools.gnu-tools-for-stm32.9-2020-q2-update.win32_2.0.0.202105311346/tools/bin/../lib/gcc/arm-none-eabi/9.3.1/thumb/v7e-m+fp/hard/crti.o
 .bss           0x0000000000000000        0x0 c:/st/stm32cubeide_1.7.0/stm32cubeide/plugins/com.st.stm32cube.ide.mcu.externaltools.gnu-tools-for-stm32.9-2020-q2-update.win32_2.0.0.202105311346/tools/bin/../lib/gcc/arm-none-eabi/9.3.1/thumb/v7e-m+fp/hard/crti.o
[...]
Memory Configuration

Name             Origin             Length             Attributes
FLASH            0x0000000008000000 0x0000000000080000 xr
RAM1             0x0000000020000004 0x000000000002fffc xrw
RAM_SHARED       0x0000000020030000 0x0000000000002800 xrw
*default*        0x0000000000000000 0xffffffffffffffff

Linker script and memory map

LOAD c:/st/stm32cubeide_1.7.0/stm32cubeide/plugins/com.st.stm32cube.ide.mcu.externaltools.gnu-tools-for-stm32.9-2020-q2-update.win32_2.0.0.202105311346/tools/bin/../lib/gcc/arm-none-eabi/9.3.1/thumb/v7e-m+fp/hard/crti.o
LOAD c:/st/stm32cubeide_1.7.0/stm32cubeide/plugins/com.st.stm32cube.ide.mcu.externaltools.gnu-tools-for-stm32.9-2020-q2-update.win32_2.0.0.202105311346/tools/bin/../lib/gcc/arm-none-eabi/9.3.1/thumb/v7e-m+fp/hard/crtbegin.o
LOAD c:/st/stm32cubeide_1.7.0/stm32cubeide/plugins/com.st.stm32cube.ide.mcu.externaltools.gnu-tools-for-stm32.9-2020-q2-update.win32_2.0.0.202105311346/tools/bin/../lib/gcc/arm-none-eabi/9.3.1/../../../../arm-none-eabi/lib/thumb/v7e-m+fp/hard/crt0.o
LOAD ./Core/Src/lr1110/lr1110_bootloader.o
LOAD ./Core/Src/lr1110/lr1110_crypto_engine.o
LOAD ./Core/Src/lr1110/lr1110_driver_version.o
LOAD ./Core/Src/lr1110/lr1110_gnss.o
LOAD ./Core/Src/lr1110/lr1110_hal.o
LOAD ./Core/Src/lr1110/lr1110_radio.o
LOAD ./Core/Src/lr1110/lr1110_regmem.o
LOAD ./Core/Src/lr1110/lr1110_system.o
LOAD ./Core/Src/lr1110/lr1110_wifi.o
LOAD ./Core/Src/lr1110/system.o
LOAD ./Core/Src/lr1110/system_gpio.o
LOAD ./Core/Src/lr1110/system_spi.o
LOAD ./Core/Src/main.o
LOAD ./Core/Src/stm32wbxx_hal_msp.o
LOAD ./Core/Src/stm32wbxx_it.o
LOAD ./Core/Src/syscalls.o
LOAD ./Core/Src/sysmem.o
LOAD ./Core/Src/system_stm32wbxx.o
LOAD ./Core/Startup/startup_stm32wb55rgvx.o
LOAD ./Drivers/STM32WBxx_HAL_Driver/Src/stm32wbxx_hal.o
LOAD ./Drivers/STM32WBxx_HAL_Driver/Src/stm32wbxx_hal_cortex.o
LOAD ./Drivers/STM32WBxx_HAL_Driver/Src/stm32wbxx_hal_dma.o
LOAD ./Drivers/STM32WBxx_HAL_Driver/Src/stm32wbxx_hal_dma_ex.o
LOAD ./Drivers/STM32WBxx_HAL_Driver/Src/stm32wbxx_hal_exti.o
LOAD ./Drivers/STM32WBxx_HAL_Driver/Src/stm32wbxx_hal_flash.o
LOAD ./Drivers/STM32WBxx_HAL_Driver/Src/stm32wbxx_hal_flash_ex.o
LOAD ./Drivers/STM32WBxx_HAL_Driver/Src/stm32wbxx_hal_gpio.o
LOAD ./Drivers/STM32WBxx_HAL_Driver/Src/stm32wbxx_hal_hsem.o
LOAD ./Drivers/STM32WBxx_HAL_Driver/Src/stm32wbxx_hal_lptim.o
LOAD ./Drivers/STM32WBxx_HAL_Driver/Src/stm32wbxx_hal_pcd.o
LOAD ./Drivers/STM32WBxx_HAL_Driver/Src/stm32wbxx_hal_pcd_ex.o
LOAD ./Drivers/STM32WBxx_HAL_Driver/Src/stm32wbxx_hal_pwr.o
LOAD ./Drivers/STM32WBxx_HAL_Driver/Src/stm32wbxx_hal_pwr_ex.o
LOAD ./Drivers/STM32WBxx_HAL_Driver/Src/stm32wbxx_hal_qspi.o
LOAD ./Drivers/STM32WBxx_HAL_Driver/Src/stm32wbxx_hal_rcc.o
LOAD ./Drivers/STM32WBxx_HAL_Driver/Src/stm32wbxx_hal_rcc_ex.o
LOAD ./Drivers/STM32WBxx_HAL_Driver/Src/stm32wbxx_hal_rtc.o
LOAD ./Drivers/STM32WBxx_HAL_Driver/Src/stm32wbxx_hal_rtc_ex.o
LOAD ./Drivers/STM32WBxx_HAL_Driver/Src/stm32wbxx_hal_spi.o
LOAD ./Drivers/STM32WBxx_HAL_Driver/Src/stm32wbxx_hal_spi_ex.o
LOAD ./Drivers/STM32WBxx_HAL_Driver/Src/stm32wbxx_hal_tim.o
LOAD ./Drivers/STM32WBxx_HAL_Driver/Src/stm32wbxx_hal_tim_ex.o
LOAD ./Drivers/STM32WBxx_HAL_Driver/Src/stm32wbxx_ll_usb.o
LOAD ./Middlewares/ST/STM32_USB_Device_Library/Class/CDC/Src/usbd_cdc.o
LOAD ./Middlewares/ST/STM32_USB_Device_Library/Core/Src/usbd_core.o
LOAD ./Middlewares/ST/STM32_USB_Device_Library/Core/Src/usbd_ctlreq.o
LOAD ./Middlewares/ST/STM32_USB_Device_Library/Core/Src/usbd_ioreq.o
LOAD ./USB_Device/App/usb_device.o
LOAD ./USB_Device/App/usbd_cdc_if.o
LOAD ./USB_Device/App/usbd_desc.o
LOAD ./USB_Device/Target/usbd_conf.o
START GROUP
LOAD c:/st/stm32cubeide_1.7.0/stm32cubeide/plugins/com.st.stm32cube.ide.mcu.externaltools.gnu-tools-for-stm32.9-2020-q2-update.win32_2.0.0.202105311346/tools/bin/../lib/gcc/arm-none-eabi/9.3.1/../../../../arm-none-eabi/lib/thumb/v7e-m+fp/hard\libc_nano.a
LOAD c:/st/stm32cubeide_1.7.0/stm32cubeide/plugins/com.st.stm32cube.ide.mcu.externaltools.gnu-tools-for-stm32.9-2020-q2-update.win32_2.0.0.202105311346/tools/bin/../lib/gcc/arm-none-eabi/9.3.1/../../../../arm-none-eabi/lib/thumb/v7e-m+fp/hard\libm.a
END GROUP
START GROUP
LOAD c:/st/stm32cubeide_1.7.0/stm32cubeide/plugins/com.st.stm32cube.ide.mcu.externaltools.gnu-tools-for-stm32.9-2020-q2-update.win32_2.0.0.202105311346/tools/bin/../lib/gcc/arm-none-eabi/9.3.1/thumb/v7e-m+fp/hard\libgcc.a
LOAD c:/st/stm32cubeide_1.7.0/stm32cubeide/plugins/com.st.stm32cube.ide.mcu.externaltools.gnu-tools-for-stm32.9-2020-q2-update.win32_2.0.0.202105311346/tools/bin/../lib/gcc/arm-none-eabi/9.3.1/../../../../arm-none-eabi/lib/thumb/v7e-m+fp/hard\libc_nano.a
END GROUP
START GROUP
LOAD c:/st/stm32cubeide_1.7.0/stm32cubeide/plugins/com.st.stm32cube.ide.mcu.externaltools.gnu-tools-for-stm32.9-2020-q2-update.win32_2.0.0.202105311346/tools/bin/../lib/gcc/arm-none-eabi/9.3.1/thumb/v7e-m+fp/hard\libgcc.a
LOAD c:/st/stm32cubeide_1.7.0/stm32cubeide/plugins/com.st.stm32cube.ide.mcu.externaltools.gnu-tools-for-stm32.9-2020-q2-update.win32_2.0.0.202105311346/tools/bin/../lib/gcc/arm-none-eabi/9.3.1/../../../../arm-none-eabi/lib/thumb/v7e-m+fp/hard\libc_nano.a
LOAD c:/st/stm32cubeide_1.7.0/stm32cubeide/plugins/com.st.stm32cube.ide.mcu.externaltools.gnu-tools-for-stm32.9-2020-q2-update.win32_2.0.0.202105311346/tools/bin/../lib/gcc/arm-none-eabi/9.3.1/../../../../arm-none-eabi/lib/thumb/v7e-m+fp/hard\libnosys.a
END GROUP
START GROUP
LOAD c:/st/stm32cubeide_1.7.0/stm32cubeide/plugins/com.st.stm32cube.ide.mcu.externaltools.gnu-tools-for-stm32.9-2020-q2-update.win32_2.0.0.202105311346/tools/bin/../lib/gcc/arm-none-eabi/9.3.1/thumb/v7e-m+fp/hard\libgcc.a
LOAD c:/st/stm32cubeide_1.7.0/stm32cubeide/plugins/com.st.stm32cube.ide.mcu.externaltools.gnu-tools-for-stm32.9-2020-q2-update.win32_2.0.0.202105311346/tools/bin/../lib/gcc/arm-none-eabi/9.3.1/../../../../arm-none-eabi/lib/thumb/v7e-m+fp/hard\libc_nano.a
LOAD c:/st/stm32cubeide_1.7.0/stm32cubeide/plugins/com.st.stm32cube.ide.mcu.externaltools.gnu-tools-for-stm32.9-2020-q2-update.win32_2.0.0.202105311346/tools/bin/../lib/gcc/arm-none-eabi/9.3.1/../../../../arm-none-eabi/lib/thumb/v7e-m+fp/hard\libnosys.a
END GROUP
LOAD c:/st/stm32cubeide_1.7.0/stm32cubeide/plugins/com.st.stm32cube.ide.mcu.externaltools.gnu-tools-for-stm32.9-2020-q2-update.win32_2.0.0.202105311346/tools/bin/../lib/gcc/arm-none-eabi/9.3.1/thumb/v7e-m+fp/hard/crtend.o
LOAD c:/st/stm32cubeide_1.7.0/stm32cubeide/plugins/com.st.stm32cube.ide.mcu.externaltools.gnu-tools-for-stm32.9-2020-q2-update.win32_2.0.0.202105311346/tools/bin/../lib/gcc/arm-none-eabi/9.3.1/thumb/v7e-m+fp/hard/crtn.o
                0x0000000020030000                _estack = 0x20030000
                0x0000000000000200                _Min_Heap_Size = 0x200
                0x0000000000000400                _Min_Stack_Size = 0x400

.isr_vector     0x0000000008000000      0x13c
                0x0000000008000000                . = ALIGN (0x4)
 *(.isr_vector)
 .isr_vector    0x0000000008000000      0x13c ./Core/Startup/startup_stm32wb55rgvx.o
                0x0000000008000000                g_pfnVectors
                0x000000000800013c                . = ALIGN (0x4)

.text           0x000000000800013c     0x4800
                0x000000000800013c                . = ALIGN (0x4)
 *(.text)
 .text          0x000000000800013c       0x40 c:/st/stm32cubeide_1.7.0/stm32cubeide/plugins/com.st.stm32cube.ide.mcu.externaltools.gnu-tools-for-stm32.9-2020-q2-update.win32_2.0.0.202105311346/tools/bin/../lib/gcc/arm-none-eabi/9.3.1/thumb/v7e-m+fp/hard/crtbegin.o
 *(.text*)
 .text.lr1110_hal_write
                0x000000000800017c       0x58 ./Core/Src/lr1110/lr1110_hal.o
                0x000000000800017c                lr1110_hal_write
 .text.lr1110_hal_write_read
                0x00000000080001d4      0x354 ./Core/Src/lr1110/lr1110_hal.o
                0x00000000080001d4                lr1110_hal_write_read
 .text.lr1110_radio_set_lora_public_network
                0x0000000008000528       0x20 ./Core/Src/lr1110/lr1110_radio.o
                0x0000000008000528                lr1110_radio_set_lora_public_network
 .text.lr1110_radio_set_tx_with_timeout_in_rtc_step
                0x0000000008000548       0x2c ./Core/Src/lr1110/lr1110_radio.o
                0x0000000008000548                lr1110_radio_set_tx_with_timeout_in_rtc_step
 .text.lr1110_radio_set_tx
                0x0000000008000574        0xe ./Core/Src/lr1110/lr1110_radio.o
                0x0000000008000574                lr1110_radio_set_tx
 .text.lr1110_radio_set_rf_freq
                0x0000000008000582       0x2e ./Core/Src/lr1110/lr1110_radio.o
                0x0000000008000582                lr1110_radio_set_rf_freq
 .text.lr1110_radio_set_pkt_type
                0x00000000080005b0       0x20 ./Core/Src/lr1110/lr1110_radio.o
                0x00000000080005b0                lr1110_radio_set_pkt_type
 .text.lr1110_radio_set_lora_mod_params
                0x00000000080005d0       0x34 ./Core/Src/lr1110/lr1110_radio.o
                0x00000000080005d0                lr1110_radio_set_lora_mod_params
 .text.lr1110_radio_set_lora_pkt_params
                0x0000000008000604       0x32 ./Core/Src/lr1110/lr1110_radio.o
                0x0000000008000604                lr1110_radio_set_lora_pkt_params
 .text.lr1110_radio_set_tx_params
                0x0000000008000636       0x24 ./Core/Src/lr1110/lr1110_radio.o
                0x0000000008000636                lr1110_radio_set_tx_params
 .text.lr1110_radio_set_pa_cfg
                0x000000000800065a       0x34 ./Core/Src/lr1110/lr1110_radio.o
                0x000000000800065a                lr1110_radio_set_pa_cfg
 .text.lr1110_regmem_write_buffer8
                0x000000000800068e       0x1c ./Core/Src/lr1110/lr1110_regmem.o
                0x000000000800068e                lr1110_regmem_write_buffer8
 .text.lr1110_system_get_status
                0x00000000080006aa       0x66 ./Core/Src/lr1110/lr1110_system.o
                0x00000000080006aa                lr1110_system_get_status
 .text.lr1110_system_clear_errors
                0x0000000008000710       0x1c ./Core/Src/lr1110/lr1110_system.o
                0x0000000008000710                lr1110_system_clear_errors
 .text.lr1110_system_calibrate_image
                0x000000000800072c       0x24 ./Core/Src/lr1110/lr1110_system.o
                0x000000000800072c                lr1110_system_calibrate_image
 .text.lr1110_system_set_dio_as_rf_switch
                0x0000000008000750       0x4c ./Core/Src/lr1110/lr1110_system.o
                0x0000000008000750                lr1110_system_set_dio_as_rf_switch
 .text.lr1110_system_cfg_lfclk
                0x000000000800079c       0x24 ./Core/Src/lr1110/lr1110_system.o
                0x000000000800079c                lr1110_system_cfg_lfclk
 .text.LL_AHB2_GRP1_EnableClock
                0x00000000080007c0       0x18 ./Core/Src/main.o
 .text.SystemClock_Config
                0x00000000080007d8       0xd8 ./Core/Src/main.o
                0x00000000080007d8                SystemClock_Config
 .text.lr1110_modem_set_transmit
                0x00000000080008b0      0x2c0 ./Core/Src/main.o
                0x00000000080008b0                lr1110_modem_set_transmit
 .text.startup.main
                0x0000000008000b70      0x214 ./Core/Src/main.o
                0x0000000008000b70                main
 .text.Error_Handler
                0x0000000008000d84        0x2 ./Core/Src/main.o
                0x0000000008000d84                Error_Handler
 .text.LL_AHB2_GRP1_EnableClock
                0x0000000008000d86       0x18 ./Core/Src/stm32wbxx_hal_msp.o
 .text.LL_APB1_GRP1_EnableClock
                0x0000000008000d9e       0x18 ./Core/Src/stm32wbxx_hal_msp.o
 .text.HAL_MspInit
                0x0000000008000db6        0x2 ./Core/Src/stm32wbxx_hal_msp.o
                0x0000000008000db6                HAL_MspInit
 .text.HAL_LPTIM_MspInit
                0x0000000008000db8       0x18 ./Core/Src/stm32wbxx_hal_msp.o
                0x0000000008000db8                HAL_LPTIM_MspInit
 .text.HAL_QSPI_MspInit
                0x0000000008000dd0       0x78 ./Core/Src/stm32wbxx_hal_msp.o
                0x0000000008000dd0                HAL_QSPI_MspInit
 .text.HAL_SPI_MspInit
                0x0000000008000e48       0x50 ./Core/Src/stm32wbxx_hal_msp.o
                0x0000000008000e48                HAL_SPI_MspInit
 .text.NMI_Handler
                0x0000000008000e98        0x2 ./Core/Src/stm32wbxx_it.o
                0x0000000008000e98                NMI_Handler
 .text.HardFault_Handler
                0x0000000008000e9a        0x2 ./Core/Src/stm32wbxx_it.o
                0x0000000008000e9a                HardFault_Handler
 .text.MemManage_Handler
                0x0000000008000e9c        0x2 ./Core/Src/stm32wbxx_it.o
                0x0000000008000e9c                MemManage_Handler
 .text.BusFault_Handler
                0x0000000008000e9e        0x2 ./Core/Src/stm32wbxx_it.o
                0x0000000008000e9e                BusFault_Handler
 .text.UsageFault_Handler
                0x0000000008000ea0        0x2 ./Core/Src/stm32wbxx_it.o
                0x0000000008000ea0                UsageFault_Handler
 .text.SVC_Handler
                0x0000000008000ea2        0x2 ./Core/Src/stm32wbxx_it.o
                0x0000000008000ea2                SVC_Handler
 .text.DebugMon_Handler
                0x0000000008000ea4        0x2 ./Core/Src/stm32wbxx_it.o
                0x0000000008000ea4                DebugMon_Handler
 .text.PendSV_Handler
                0x0000000008000ea6        0x2 ./Core/Src/stm32wbxx_it.o
                0x0000000008000ea6                PendSV_Handler
 .text.SysTick_Handler
                0x0000000008000ea8        0x4 ./Core/Src/stm32wbxx_it.o
                0x0000000008000ea8                SysTick_Handler
 .text.USB_LP_IRQHandler
                0x0000000008000eac        0xc ./Core/Src/stm32wbxx_it.o
                0x0000000008000eac                USB_LP_IRQHandler
 .text.SystemInit
                0x0000000008000eb8       0x68 ./Core/Src/system_stm32wbxx.o
                0x0000000008000eb8                SystemInit
 .text.SystemCoreClockUpdate
                0x0000000008000f20       0xa0 ./Core/Src/system_stm32wbxx.o
                0x0000000008000f20                SystemCoreClockUpdate
 .text.data_initializers
                0x0000000008000fc0       0x18 ./Core/Startup/startup_stm32wb55rgvx.o
 .text.Reset_Handler
                0x0000000008000fd8       0x54 ./Core/Startup/startup_stm32wb55rgvx.o
                0x0000000008000fd8                Reset_Handler
 .text.Default_Handler
                0x000000000800102c        0x2 ./Core/Startup/startup_stm32wb55rgvx.o
                0x000000000800102c                RTC_Alarm_IRQHandler
                0x000000000800102c                EXTI2_IRQHandler
                0x000000000800102c                TIM1_CC_IRQHandler
                0x000000000800102c                TSC_IRQHandler
                0x000000000800102c                USB_HP_IRQHandler
                0x000000000800102c                EXTI3_IRQHandler
                0x000000000800102c                LPTIM2_IRQHandler
                0x000000000800102c                I2C3_ER_IRQHandler
                0x000000000800102c                EXTI0_IRQHandler
                0x000000000800102c                FPU_IRQHandler
                0x000000000800102c                TIM1_UP_TIM16_IRQHandler
                0x000000000800102c                AES1_IRQHandler
                0x000000000800102c                SPI1_IRQHandler
                0x000000000800102c                PWR_SOTF_BLEACT_802ACT_RFPHASE_IRQHandler
                0x000000000800102c                DMA2_Channel2_IRQHandler
                0x000000000800102c                DMA1_Channel4_IRQHandler
                0x000000000800102c                ADC1_IRQHandler
                0x000000000800102c                PKA_IRQHandler
                0x000000000800102c                DMA1_Channel7_IRQHandler
                0x000000000800102c                LCD_IRQHandler
                0x000000000800102c                IPCC_C1_TX_IRQHandler
                0x000000000800102c                DMA2_Channel1_IRQHandler
                0x000000000800102c                QUADSPI_IRQHandler
                0x000000000800102c                I2C1_EV_IRQHandler
                0x000000000800102c                DMAMUX1_OVR_IRQHandler
                0x000000000800102c                DMA1_Channel6_IRQHandler
                0x000000000800102c                DMA2_Channel4_IRQHandler
                0x000000000800102c                RCC_IRQHandler
                0x000000000800102c                DMA1_Channel1_IRQHandler
                0x000000000800102c                Default_Handler
                0x000000000800102c                DMA2_Channel7_IRQHandler
                0x000000000800102c                EXTI15_10_IRQHandler
                0x000000000800102c                IPCC_C1_RX_IRQHandler
                0x000000000800102c                C2SEV_PWR_C2H_IRQHandler
                0x000000000800102c                AES2_IRQHandler
                0x000000000800102c                I2C3_EV_IRQHandler
                0x000000000800102c                EXTI9_5_IRQHandler
                0x000000000800102c                RTC_WKUP_IRQHandler
                0x000000000800102c                PVD_PVM_IRQHandler
                0x000000000800102c                SPI2_IRQHandler
                0x000000000800102c                DMA2_Channel5_IRQHandler
                0x000000000800102c                CRS_IRQHandler
                0x000000000800102c                DMA1_Channel5_IRQHandler
                0x000000000800102c                EXTI4_IRQHandler
                0x000000000800102c                RNG_IRQHandler
                0x000000000800102c                TIM1_TRG_COM_TIM17_IRQHandler
                0x000000000800102c                TAMP_STAMP_LSECSS_IRQHandler
                0x000000000800102c                DMA1_Channel3_IRQHandler
                0x000000000800102c                COMP_IRQHandler
                0x000000000800102c                HSEM_IRQHandler
                0x000000000800102c                WWDG_IRQHandler
                0x000000000800102c                LPUART1_IRQHandler
                0x000000000800102c                DMA2_Channel6_IRQHandler
                0x000000000800102c                TIM2_IRQHandler
                0x000000000800102c                TIM1_BRK_IRQHandler
                0x000000000800102c                EXTI1_IRQHandler
                0x000000000800102c                DMA1_Channel2_IRQHandler
                0x000000000800102c                FLASH_IRQHandler
                0x000000000800102c                USART1_IRQHandler
                0x000000000800102c                I2C1_ER_IRQHandler
                0x000000000800102c                LPTIM1_IRQHandler
                0x000000000800102c                SAI1_IRQHandler
                0x000000000800102c                DMA2_Channel3_IRQHandler
 *fill*         0x000000000800102e        0x2 
 .text.HAL_InitTick
                0x0000000008001030       0x4c ./Drivers/STM32WBxx_HAL_Driver/Src/stm32wbxx_hal.o
                0x0000000008001030                HAL_InitTick
 .text.HAL_Init
                0x000000000800107c       0x2c ./Drivers/STM32WBxx_HAL_Driver/Src/stm32wbxx_hal.o
                0x000000000800107c                HAL_Init
 .text.HAL_IncTick
                0x00000000080010a8       0x18 ./Drivers/STM32WBxx_HAL_Driver/Src/stm32wbxx_hal.o
                0x00000000080010a8                HAL_IncTick
 .text.HAL_GetTick
                0x00000000080010c0        0xc ./Drivers/STM32WBxx_HAL_Driver/Src/stm32wbxx_hal.o
                0x00000000080010c0                HAL_GetTick
 .text.HAL_GetTickPrio
                0x00000000080010cc        0xc ./Drivers/STM32WBxx_HAL_Driver/Src/stm32wbxx_hal.o
                0x00000000080010cc                HAL_GetTickPrio
 .text.HAL_Delay
                0x00000000080010d8       0x28 ./Drivers/STM32WBxx_HAL_Driver/Src/stm32wbxx_hal.o
                0x00000000080010d8                HAL_Delay
 .text.HAL_NVIC_SetPriorityGrouping
                0x0000000008001100       0x24 ./Drivers/STM32WBxx_HAL_Driver/Src/stm32wbxx_hal_cortex.o
                0x0000000008001100                HAL_NVIC_SetPriorityGrouping
 .text.HAL_NVIC_SetPriority
                0x0000000008001124       0x64 ./Drivers/STM32WBxx_HAL_Driver/Src/stm32wbxx_hal_cortex.o
                0x0000000008001124                HAL_NVIC_SetPriority
 .text.HAL_NVIC_EnableIRQ
                0x0000000008001188       0x1c ./Drivers/STM32WBxx_HAL_Driver/Src/stm32wbxx_hal_cortex.o
                0x0000000008001188                HAL_NVIC_EnableIRQ
 .text.HAL_SYSTICK_Config
                0x00000000080011a4       0x2c ./Drivers/STM32WBxx_HAL_Driver/Src/stm32wbxx_hal_cortex.o
                0x00000000080011a4                HAL_SYSTICK_Config
 .text.HAL_GPIO_Init
                0x00000000080011d0      0x16c ./Drivers/STM32WBxx_HAL_Driver/Src/stm32wbxx_hal_gpio.o
                0x00000000080011d0                HAL_GPIO_Init
 .text.HAL_GPIO_ReadPin
                0x000000000800133c        0xc ./Drivers/STM32WBxx_HAL_Driver/Src/stm32wbxx_hal_gpio.o
                0x000000000800133c                HAL_GPIO_ReadPin
 .text.HAL_GPIO_WritePin
                0x0000000008001348        0xa ./Drivers/STM32WBxx_HAL_Driver/Src/stm32wbxx_hal_gpio.o
                0x0000000008001348                HAL_GPIO_WritePin
 *fill*         0x0000000008001352        0x2 
 .text.HAL_LPTIM_Init
                0x0000000008001354       0xa4 ./Drivers/STM32WBxx_HAL_Driver/Src/stm32wbxx_hal_lptim.o
                0x0000000008001354                HAL_LPTIM_Init
 .text.HAL_PCD_Init
                0x00000000080013f8       0xbc ./Drivers/STM32WBxx_HAL_Driver/Src/stm32wbxx_hal_pcd.o
                0x00000000080013f8                HAL_PCD_Init
 .text.HAL_PCD_Start
                0x00000000080014b4       0x2a ./Drivers/STM32WBxx_HAL_Driver/Src/stm32wbxx_hal_pcd.o
                0x00000000080014b4                HAL_PCD_Start
 .text.HAL_PCD_SetAddress
                0x00000000080014de       0x28 ./Drivers/STM32WBxx_HAL_Driver/Src/stm32wbxx_hal_pcd.o
                0x00000000080014de                HAL_PCD_SetAddress
 .text.HAL_PCD_EP_Open
                0x0000000008001506       0x64 ./Drivers/STM32WBxx_HAL_Driver/Src/stm32wbxx_hal_pcd.o
                0x0000000008001506                HAL_PCD_EP_Open
 .text.HAL_PCD_EP_Close
                0x000000000800156a       0x52 ./Drivers/STM32WBxx_HAL_Driver/Src/stm32wbxx_hal_pcd.o
                0x000000000800156a                HAL_PCD_EP_Close
 .text.HAL_PCD_EP_Receive
                0x00000000080015bc       0x2e ./Drivers/STM32WBxx_HAL_Driver/Src/stm32wbxx_hal_pcd.o
                0x00000000080015bc                HAL_PCD_EP_Receive
 .text.HAL_PCD_EP_GetRxCount
                0x00000000080015ea        0xe ./Drivers/STM32WBxx_HAL_Driver/Src/stm32wbxx_hal_pcd.o
                0x00000000080015ea                HAL_PCD_EP_GetRxCount
 .text.HAL_PCD_EP_Transmit
                0x00000000080015f8       0x2a ./Drivers/STM32WBxx_HAL_Driver/Src/stm32wbxx_hal_pcd.o
                0x00000000080015f8                HAL_PCD_EP_Transmit
 *fill*         0x0000000008001622        0x2 
 .text.HAL_PCD_IRQHandler
                0x0000000008001624      0x4b0 ./Drivers/STM32WBxx_HAL_Driver/Src/stm32wbxx_hal_pcd.o
                0x0000000008001624                HAL_PCD_IRQHandler
 .text.HAL_PCD_EP_SetStall
                0x0000000008001ad4       0x72 ./Drivers/STM32WBxx_HAL_Driver/Src/stm32wbxx_hal_pcd.o
                0x0000000008001ad4                HAL_PCD_EP_SetStall
 .text.HAL_PCD_EP_ClrStall
                0x0000000008001b46       0x64 ./Drivers/STM32WBxx_HAL_Driver/Src/stm32wbxx_hal_pcd.o
                0x0000000008001b46                HAL_PCD_EP_ClrStall
 .text.HAL_PCDEx_PMAConfig
                0x0000000008001baa       0x2e ./Drivers/STM32WBxx_HAL_Driver/Src/stm32wbxx_hal_pcd_ex.o
                0x0000000008001baa                HAL_PCDEx_PMAConfig
 .text.HAL_PCDEx_ActivateLPM
                0x0000000008001bd8       0x2e ./Drivers/STM32WBxx_HAL_Driver/Src/stm32wbxx_hal_pcd_ex.o
                0x0000000008001bd8                HAL_PCDEx_ActivateLPM
 *fill*         0x0000000008001c06        0x2 
 .text.HAL_PWR_EnableBkUpAccess
                0x0000000008001c08       0x10 ./Drivers/STM32WBxx_HAL_Driver/Src/stm32wbxx_hal_pwr.o
                0x0000000008001c08                HAL_PWR_EnableBkUpAccess
 .text.HAL_PWREx_GetVoltageRange
                0x0000000008001c18       0x10 ./Drivers/STM32WBxx_HAL_Driver/Src/stm32wbxx_hal_pwr_ex.o
                0x0000000008001c18                HAL_PWREx_GetVoltageRange
 .text.HAL_PWREx_EnableVddUSB
                0x0000000008001c28       0x10 ./Drivers/STM32WBxx_HAL_Driver/Src/stm32wbxx_hal_pwr_ex.o
                0x0000000008001c28                HAL_PWREx_EnableVddUSB
 .text.QSPI_WaitFlagStateUntilTimeout
                0x0000000008001c38       0x4e ./Drivers/STM32WBxx_HAL_Driver/Src/stm32wbxx_hal_qspi.o
 *fill*         0x0000000008001c86        0x2 
 .text.HAL_QSPI_Init
                0x0000000008001c88       0xb4 ./Drivers/STM32WBxx_HAL_Driver/Src/stm32wbxx_hal_qspi.o
                0x0000000008001c88                HAL_QSPI_Init
 .text.LL_RCC_HSE_IsReady
                0x0000000008001d3c        0xc ./Drivers/STM32WBxx_HAL_Driver/Src/stm32wbxx_hal_rcc.o
 .text.LL_RCC_HSI_IsReady
                0x0000000008001d48        0xc ./Drivers/STM32WBxx_HAL_Driver/Src/stm32wbxx_hal_rcc.o
 .text.LL_RCC_LSI1_IsReady
                0x0000000008001d54        0xe ./Drivers/STM32WBxx_HAL_Driver/Src/stm32wbxx_hal_rcc.o
 .text.LL_RCC_MSI_IsReady
                0x0000000008001d62        0xc ./Drivers/STM32WBxx_HAL_Driver/Src/stm32wbxx_hal_rcc.o
 .text.LL_RCC_MSI_SetRange
                0x0000000008001d6e       0x10 ./Drivers/STM32WBxx_HAL_Driver/Src/stm32wbxx_hal_rcc.o
 .text.LL_RCC_MSI_SetCalibTrimming
                0x0000000008001d7e       0x12 ./Drivers/STM32WBxx_HAL_Driver/Src/stm32wbxx_hal_rcc.o
 .text.RCC_SetFlashLatencyFromMSIRange
                0x0000000008001d90       0xe8 ./Drivers/STM32WBxx_HAL_Driver/Src/stm32wbxx_hal_rcc.o
 .text.HAL_RCC_OscConfig
                0x0000000008001e78      0x5bc ./Drivers/STM32WBxx_HAL_Driver/Src/stm32wbxx_hal_rcc.o
                0x0000000008001e78                HAL_RCC_OscConfig
 .text.HAL_RCC_ClockConfig
                0x0000000008002434      0x1e8 ./Drivers/STM32WBxx_HAL_Driver/Src/stm32wbxx_hal_rcc.o
                0x0000000008002434                HAL_RCC_ClockConfig
 .text.HAL_RCC_GetSysClockFreq
                0x000000000800261c       0xa4 ./Drivers/STM32WBxx_HAL_Driver/Src/stm32wbxx_hal_rcc.o
                0x000000000800261c                HAL_RCC_GetSysClockFreq
 .text.HAL_RCC_GetHCLKFreq
                0x00000000080026c0       0x20 ./Drivers/STM32WBxx_HAL_Driver/Src/stm32wbxx_hal_rcc.o
                0x00000000080026c0                HAL_RCC_GetHCLKFreq
 .text.LL_RCC_LSE_IsReady
                0x00000000080026e0        0xe ./Drivers/STM32WBxx_HAL_Driver/Src/stm32wbxx_hal_rcc_ex.o
 .text.LL_RCC_SetI2CClockSource
                0x00000000080026ee       0x20 ./Drivers/STM32WBxx_HAL_Driver/Src/stm32wbxx_hal_rcc_ex.o
 .text.LL_RCC_PLLSAI1_Enable
                0x000000000800270e        0xe ./Drivers/STM32WBxx_HAL_Driver/Src/stm32wbxx_hal_rcc_ex.o
 .text.LL_RCC_PLLSAI1_Disable
                0x000000000800271c        0xe ./Drivers/STM32WBxx_HAL_Driver/Src/stm32wbxx_hal_rcc_ex.o
 .text.LL_RCC_PLLSAI1_IsReady
                0x000000000800272a        0xc ./Drivers/STM32WBxx_HAL_Driver/Src/stm32wbxx_hal_rcc_ex.o
 .text.HAL_RCCEx_PeriphCLKConfig
                0x0000000008002736      0x38a ./Drivers/STM32WBxx_HAL_Driver/Src/stm32wbxx_hal_rcc_ex.o
                0x0000000008002736                HAL_RCCEx_PeriphCLKConfig
 .text.SPI_WaitFlagStateUntilTimeout.constprop.0
                0x0000000008002ac0       0xa4 ./Drivers/STM32WBxx_HAL_Driver/Src/stm32wbxx_hal_spi.o
 .text.SPI_WaitFifoStateUntilTimeout.constprop.0
                0x0000000008002b64       0xb4 ./Drivers/STM32WBxx_HAL_Driver/Src/stm32wbxx_hal_spi.o
 .text.SPI_EndRxTxTransaction
                0x0000000008002c18       0x4a ./Drivers/STM32WBxx_HAL_Driver/Src/stm32wbxx_hal_spi.o
 .text.HAL_SPI_Init
                0x0000000008002c62       0xd4 ./Drivers/STM32WBxx_HAL_Driver/Src/stm32wbxx_hal_spi.o
                0x0000000008002c62                HAL_SPI_Init
 .text.HAL_SPI_Transmit
                0x0000000008002d36      0x186 ./Drivers/STM32WBxx_HAL_Driver/Src/stm32wbxx_hal_spi.o
                0x0000000008002d36                HAL_SPI_Transmit
 .text.HAL_SPI_TransmitReceive
                0x0000000008002ebc      0x24c ./Drivers/STM32WBxx_HAL_Driver/Src/stm32wbxx_hal_spi.o
                0x0000000008002ebc                HAL_SPI_TransmitReceive
 .text.USB_EnableGlobalInt
                0x0000000008003108       0x16 ./Drivers/STM32WBxx_HAL_Driver/Src/stm32wbxx_ll_usb.o
                0x0000000008003108                USB_EnableGlobalInt
 .text.USB_DisableGlobalInt
                0x000000000800311e       0x14 ./Drivers/STM32WBxx_HAL_Driver/Src/stm32wbxx_ll_usb.o
                0x000000000800311e                USB_DisableGlobalInt
 .text.USB_DevInit
                0x0000000008003132       0x3a ./Drivers/STM32WBxx_HAL_Driver/Src/stm32wbxx_ll_usb.o
                0x0000000008003132                USB_DevInit
 .text.USB_ActivateEndpoint
                0x000000000800316c      0x2f8 ./Drivers/STM32WBxx_HAL_Driver/Src/stm32wbxx_ll_usb.o
                0x000000000800316c                USB_ActivateEndpoint
 .text.USB_DeactivateEndpoint
                0x0000000008003464      0x1be ./Drivers/STM32WBxx_HAL_Driver/Src/stm32wbxx_ll_usb.o
                0x0000000008003464                USB_DeactivateEndpoint
 .text.USB_EPSetStall
                0x0000000008003622       0x40 ./Drivers/STM32WBxx_HAL_Driver/Src/stm32wbxx_ll_usb.o
                0x0000000008003622                USB_EPSetStall
 .text.USB_EPClearStall
                0x0000000008003662       0x96 ./Drivers/STM32WBxx_HAL_Driver/Src/stm32wbxx_ll_usb.o
                0x0000000008003662                USB_EPClearStall
 .text.USB_SetDevAddress
                0x00000000080036f8        0xc ./Drivers/STM32WBxx_HAL_Driver/Src/stm32wbxx_ll_usb.o
                0x00000000080036f8                USB_SetDevAddress
 .text.USB_DevConnect
                0x0000000008003704       0x16 ./Drivers/STM32WBxx_HAL_Driver/Src/stm32wbxx_ll_usb.o
                0x0000000008003704                USB_DevConnect
 .text.USB_ReadInterrupts
                0x000000000800371a        0x8 ./Drivers/STM32WBxx_HAL_Driver/Src/stm32wbxx_ll_usb.o
                0x000000000800371a                USB_ReadInterrupts
 .text.USB_EP0_OutStart
                0x0000000008003722        0x4 ./Drivers/STM32WBxx_HAL_Driver/Src/stm32wbxx_ll_usb.o
                0x0000000008003722                USB_EP0_OutStart
 .text.USB_WritePMA
                0x0000000008003726       0x1e ./Drivers/STM32WBxx_HAL_Driver/Src/stm32wbxx_ll_usb.o
                0x0000000008003726                USB_WritePMA
 .text.USB_EPStartXfer
                0x0000000008003744      0x1d4 ./Drivers/STM32WBxx_HAL_Driver/Src/stm32wbxx_ll_usb.o
                0x0000000008003744                USB_EPStartXfer
 .text.USB_ReadPMA
                0x0000000008003918       0x36 ./Drivers/STM32WBxx_HAL_Driver/Src/stm32wbxx_ll_usb.o
                0x0000000008003918                USB_ReadPMA
 .text.USBD_CDC_EP0_RxReady
                0x000000000800394e       0x28 ./Middlewares/ST/STM32_USB_Device_Library/Class/CDC/Src/usbd_cdc.o
 *fill*         0x0000000008003976        0x2 
 .text.USBD_CDC_GetFSCfgDesc
                0x0000000008003978        0xc ./Middlewares/ST/STM32_USB_Device_Library/Class/CDC/Src/usbd_cdc.o
 .text.USBD_CDC_GetHSCfgDesc
                0x0000000008003984        0xc ./Middlewares/ST/STM32_USB_Device_Library/Class/CDC/Src/usbd_cdc.o
 .text.USBD_CDC_GetOtherSpeedCfgDesc
                0x0000000008003990        0xc ./Middlewares/ST/STM32_USB_Device_Library/Class/CDC/Src/usbd_cdc.o
 .text.USBD_CDC_GetDeviceQualifierDescriptor
                0x000000000800399c        0xc ./Middlewares/ST/STM32_USB_Device_Library/Class/CDC/Src/usbd_cdc.o
                0x000000000800399c                USBD_CDC_GetDeviceQualifierDescriptor
 .text.USBD_CDC_DataOut
                0x00000000080039a8       0x2a ./Middlewares/ST/STM32_USB_Device_Library/Class/CDC/Src/usbd_cdc.o
 .text.USBD_CDC_DataIn
                0x00000000080039d2       0x56 ./Middlewares/ST/STM32_USB_Device_Library/Class/CDC/Src/usbd_cdc.o
 .text.USBD_CDC_Setup
                0x0000000008003a28       0xf0 ./Middlewares/ST/STM32_USB_Device_Library/Class/CDC/Src/usbd_cdc.o
 .text.USBD_CDC_DeInit
                0x0000000008003b18       0x42 ./Middlewares/ST/STM32_USB_Device_Library/Class/CDC/Src/usbd_cdc.o
 .text.USBD_CDC_Init
                0x0000000008003b5a       0xa6 ./Middlewares/ST/STM32_USB_Device_Library/Class/CDC/Src/usbd_cdc.o
 .text.USBD_CDC_RegisterInterface
                0x0000000008003c00        0xe ./Middlewares/ST/STM32_USB_Device_Library/Class/CDC/Src/usbd_cdc.o
                0x0000000008003c00                USBD_CDC_RegisterInterface
 .text.USBD_CDC_SetTxBuffer
                0x0000000008003c0e       0x10 ./Middlewares/ST/STM32_USB_Device_Library/Class/CDC/Src/usbd_cdc.o
                0x0000000008003c0e                USBD_CDC_SetTxBuffer
 .text.USBD_CDC_SetRxBuffer
                0x0000000008003c1e        0xc ./Middlewares/ST/STM32_USB_Device_Library/Class/CDC/Src/usbd_cdc.o
                0x0000000008003c1e                USBD_CDC_SetRxBuffer
 .text.USBD_CDC_TransmitPacket
                0x0000000008003c2a       0x30 ./Middlewares/ST/STM32_USB_Device_Library/Class/CDC/Src/usbd_cdc.o
                0x0000000008003c2a                USBD_CDC_TransmitPacket
 .text.USBD_CDC_ReceivePacket
                0x0000000008003c5a       0x2e ./Middlewares/ST/STM32_USB_Device_Library/Class/CDC/Src/usbd_cdc.o
                0x0000000008003c5a                USBD_CDC_ReceivePacket
 .text.USBD_Init
                0x0000000008003c88       0x30 ./Middlewares/ST/STM32_USB_Device_Library/Core/Src/usbd_core.o
                0x0000000008003c88                USBD_Init
 .text.USBD_RegisterClass
                0x0000000008003cb8       0x26 ./Middlewares/ST/STM32_USB_Device_Library/Core/Src/usbd_core.o
                0x0000000008003cb8                USBD_RegisterClass
 .text.USBD_Start
                0x0000000008003cde        0x4 ./Middlewares/ST/STM32_USB_Device_Library/Core/Src/usbd_core.o
                0x0000000008003cde                USBD_Start
 .text.USBD_SetClassConfig
                0x0000000008003ce2        0xe ./Middlewares/ST/STM32_USB_Device_Library/Core/Src/usbd_core.o
                0x0000000008003ce2                USBD_SetClassConfig
 .text.USBD_ClrClassConfig
                0x0000000008003cf0       0x10 ./Middlewares/ST/STM32_USB_Device_Library/Core/Src/usbd_core.o
                0x0000000008003cf0                USBD_ClrClassConfig
 .text.USBD_LL_SetupStage
                0x0000000008003d00       0x60 ./Middlewares/ST/STM32_USB_Device_Library/Core/Src/usbd_core.o
                0x0000000008003d00                USBD_LL_SetupStage
 .text.USBD_LL_DataOutStage
                0x0000000008003d60       0x64 ./Middlewares/ST/STM32_USB_Device_Library/Core/Src/usbd_core.o
                0x0000000008003d60                USBD_LL_DataOutStage
 .text.USBD_LL_DataInStage
                0x0000000008003dc4       0x9c ./Middlewares/ST/STM32_USB_Device_Library/Core/Src/usbd_core.o
                0x0000000008003dc4                USBD_LL_DataInStage
 .text.USBD_LL_Reset
                0x0000000008003e60       0x50 ./Middlewares/ST/STM32_USB_Device_Library/Core/Src/usbd_core.o
                0x0000000008003e60                USBD_LL_Reset
 .text.USBD_LL_SetSpeed
                0x0000000008003eb0        0x6 ./Middlewares/ST/STM32_USB_Device_Library/Core/Src/usbd_core.o
                0x0000000008003eb0                USBD_LL_SetSpeed
 .text.USBD_LL_Suspend
                0x0000000008003eb6       0x12 ./Middlewares/ST/STM32_USB_Device_Library/Core/Src/usbd_core.o
                0x0000000008003eb6                USBD_LL_Suspend
 .text.USBD_LL_Resume
                0x0000000008003ec8       0x14 ./Middlewares/ST/STM32_USB_Device_Library/Core/Src/usbd_core.o
                0x0000000008003ec8                USBD_LL_Resume
 .text.USBD_LL_SOF
                0x0000000008003edc       0x18 ./Middlewares/ST/STM32_USB_Device_Library/Core/Src/usbd_core.o
                0x0000000008003edc                USBD_LL_SOF
 .text.USBD_CtlError.constprop.0
                0x0000000008003ef4       0x16 ./Middlewares/ST/STM32_USB_Device_Library/Core/Src/usbd_ctlreq.o
 *fill*         0x0000000008003f0a        0x2 
 .text.USBD_StdDevReq
                0x0000000008003f0c      0x294 ./Middlewares/ST/STM32_USB_Device_Library/Core/Src/usbd_ctlreq.o
                0x0000000008003f0c                USBD_StdDevReq
 .text.USBD_StdItfReq
                0x00000000080041a0       0x4c ./Middlewares/ST/STM32_USB_Device_Library/Core/Src/usbd_ctlreq.o
                0x00000000080041a0                USBD_StdItfReq
 .text.USBD_StdEPReq
                0x00000000080041ec      0x126 ./Middlewares/ST/STM32_USB_Device_Library/Core/Src/usbd_ctlreq.o
                0x00000000080041ec                USBD_StdEPReq
 .text.USBD_ParseSetupRequest
                0x0000000008004312       0x28 ./Middlewares/ST/STM32_USB_Device_Library/Core/Src/usbd_ctlreq.o
                0x0000000008004312                USBD_ParseSetupRequest
 .text.USBD_CtlError
                0x000000000800433a       0x16 ./Middlewares/ST/STM32_USB_Device_Library/Core/Src/usbd_ctlreq.o
                0x000000000800433a                USBD_CtlError
 .text.USBD_GetString
                0x0000000008004350       0x38 ./Middlewares/ST/STM32_USB_Device_Library/Core/Src/usbd_ctlreq.o
                0x0000000008004350                USBD_GetString
 .text.USBD_CtlSendData
                0x0000000008004388       0x1a ./Middlewares/ST/STM32_USB_Device_Library/Core/Src/usbd_ioreq.o
                0x0000000008004388                USBD_CtlSendData
 .text.USBD_CtlContinueSendData
                0x00000000080043a2       0x10 ./Middlewares/ST/STM32_USB_Device_Library/Core/Src/usbd_ioreq.o
                0x00000000080043a2                USBD_CtlContinueSendData
 .text.USBD_CtlPrepareRx
                0x00000000080043b2       0x1a ./Middlewares/ST/STM32_USB_Device_Library/Core/Src/usbd_ioreq.o
                0x00000000080043b2                USBD_CtlPrepareRx
 .text.USBD_CtlContinueRx
                0x00000000080043cc       0x10 ./Middlewares/ST/STM32_USB_Device_Library/Core/Src/usbd_ioreq.o
                0x00000000080043cc                USBD_CtlContinueRx
 .text.USBD_CtlSendStatus
                0x00000000080043dc       0x16 ./Middlewares/ST/STM32_USB_Device_Library/Core/Src/usbd_ioreq.o
                0x00000000080043dc                USBD_CtlSendStatus
 .text.USBD_CtlReceiveStatus
                0x00000000080043f2       0x16 ./Middlewares/ST/STM32_USB_Device_Library/Core/Src/usbd_ioreq.o
                0x00000000080043f2                USBD_CtlReceiveStatus
 .text.MX_USB_Device_Init
                0x0000000008004408       0x50 ./USB_Device/App/usb_device.o
                0x0000000008004408                MX_USB_Device_Init
 .text.CDC_DeInit_FS
                0x0000000008004458        0x4 ./USB_Device/App/usbd_cdc_if.o
 .text.CDC_Control_FS
                0x000000000800445c        0x4 ./USB_Device/App/usbd_cdc_if.o
 .text.CDC_TransmitCplt_FS
                0x0000000008004460        0x4 ./USB_Device/App/usbd_cdc_if.o
 .text.CDC_Receive_FS
                0x0000000008004464       0x1c ./USB_Device/App/usbd_cdc_if.o
 .text.CDC_Init_FS
                0x0000000008004480       0x28 ./USB_Device/App/usbd_cdc_if.o
 .text.CDC_Transmit_FS
                0x00000000080044a8       0x2c ./USB_Device/App/usbd_cdc_if.o
                0x00000000080044a8                CDC_Transmit_FS
 .text.USBD_CDC_DeviceDescriptor
                0x00000000080044d4        0xc ./USB_Device/App/usbd_desc.o
                0x00000000080044d4                USBD_CDC_DeviceDescriptor
 .text.USBD_CDC_LangIDStrDescriptor
                0x00000000080044e0        0xc ./USB_Device/App/usbd_desc.o
                0x00000000080044e0                USBD_CDC_LangIDStrDescriptor
 .text.IntToUnicode
                0x00000000080044ec       0x2a ./USB_Device/App/usbd_desc.o
 *fill*         0x0000000008004516        0x2 
 .text.USBD_CDC_SerialStrDescriptor
                0x0000000008004518       0x40 ./USB_Device/App/usbd_desc.o
                0x0000000008004518                USBD_CDC_SerialStrDescriptor
 .text.USBD_CDC_ManufacturerStrDescriptor
                0x0000000008004558       0x1c ./USB_Device/App/usbd_desc.o
                0x0000000008004558                USBD_CDC_ManufacturerStrDescriptor
 .text.USBD_CDC_ProductStrDescriptor
                0x0000000008004574       0x1c ./USB_Device/App/usbd_desc.o
                0x0000000008004574                USBD_CDC_ProductStrDescriptor
 .text.USBD_CDC_ConfigStrDescriptor
                0x0000000008004590       0x1c ./USB_Device/App/usbd_desc.o
                0x0000000008004590                USBD_CDC_ConfigStrDescriptor
 .text.USBD_CDC_InterfaceStrDescriptor
                0x00000000080045ac       0x1c ./USB_Device/App/usbd_desc.o
                0x00000000080045ac                USBD_CDC_InterfaceStrDescriptor
 .text.HAL_PCD_MspInit
                0x00000000080045c8       0x78 ./USB_Device/Target/usbd_conf.o
                0x00000000080045c8                HAL_PCD_MspInit
 .text.HAL_PCD_SetupStageCallback
                0x0000000008004640        0xc ./USB_Device/Target/usbd_conf.o
                0x0000000008004640                HAL_PCD_SetupStageCallback
 .text.HAL_PCD_DataOutStageCallback
                0x000000000800464c       0x10 ./USB_Device/Target/usbd_conf.o
                0x000000000800464c                HAL_PCD_DataOutStageCallback
 .text.HAL_PCD_DataInStageCallback
                0x000000000800465c        0xe ./USB_Device/Target/usbd_conf.o
                0x000000000800465c                HAL_PCD_DataInStageCallback
 .text.HAL_PCD_SOFCallback
                0x000000000800466a        0x8 ./USB_Device/Target/usbd_conf.o
                0x000000000800466a                HAL_PCD_SOFCallback
 .text.HAL_PCD_ResetCallback
                0x0000000008004672       0x24 ./USB_Device/Target/usbd_conf.o
                0x0000000008004672                HAL_PCD_ResetCallback
 *fill*         0x0000000008004696        0x2 
 .text.HAL_PCD_SuspendCallback
                0x0000000008004698       0x20 ./USB_Device/Target/usbd_conf.o
                0x0000000008004698                HAL_PCD_SuspendCallback
 .text.HAL_PCD_ResumeCallback
                0x00000000080046b8       0x28 ./USB_Device/Target/usbd_conf.o
                0x00000000080046b8                HAL_PCD_ResumeCallback
 .text.USBD_LL_Init
                0x00000000080046e0       0x8c ./USB_Device/Target/usbd_conf.o
                0x00000000080046e0                USBD_LL_Init
 .text.USBD_LL_Start
                0x000000000800476c       0x1c ./USB_Device/Target/usbd_conf.o
                0x000000000800476c                USBD_LL_Start
 .text.USBD_LL_OpenEP
                0x0000000008004788       0x20 ./USB_Device/Target/usbd_conf.o
                0x0000000008004788                USBD_LL_OpenEP
 .text.USBD_LL_CloseEP
                0x00000000080047a8       0x1c ./USB_Device/Target/usbd_conf.o
                0x00000000080047a8                USBD_LL_CloseEP
 .text.USBD_LL_StallEP
                0x00000000080047c4       0x1c ./USB_Device/Target/usbd_conf.o
                0x00000000080047c4                USBD_LL_StallEP
 .text.USBD_LL_ClearStallEP
                0x00000000080047e0       0x1c ./USB_Device/Target/usbd_conf.o
                0x00000000080047e0                USBD_LL_ClearStallEP
 .text.USBD_LL_IsStallEP
                0x00000000080047fc       0x20 ./USB_Device/Target/usbd_conf.o
                0x00000000080047fc                USBD_LL_IsStallEP
 .text.USBD_LL_SetUSBAddress
                0x000000000800481c       0x1c ./USB_Device/Target/usbd_conf.o
                0x000000000800481c                USBD_LL_SetUSBAddress
 .text.USBD_LL_Transmit
                0x0000000008004838       0x1c ./USB_Device/Target/usbd_conf.o
                0x0000000008004838                USBD_LL_Transmit
 .text.USBD_LL_PrepareReceive
                0x0000000008004854       0x1c ./USB_Device/Target/usbd_conf.o
                0x0000000008004854                USBD_LL_PrepareReceive
 .text.USBD_LL_GetRxDataSize
                0x0000000008004870        0x8 ./USB_Device/Target/usbd_conf.o
                0x0000000008004870                USBD_LL_GetRxDataSize
 .text.HAL_PCDEx_LPM_Callback
                0x0000000008004878       0x48 ./USB_Device/Target/usbd_conf.o
                0x0000000008004878                HAL_PCDEx_LPM_Callback
 .text.USBD_static_malloc
                0x00000000080048c0        0x8 ./USB_Device/Target/usbd_conf.o
                0x00000000080048c0                USBD_static_malloc
 .text.USBD_static_free
                0x00000000080048c8        0x2 ./USB_Device/Target/usbd_conf.o
                0x00000000080048c8                USBD_static_free
 *fill*         0x00000000080048ca        0x2 
 .text.__libc_init_array
                0x00000000080048cc       0x48 c:/st/stm32cubeide_1.7.0/stm32cubeide/plugins/com.st.stm32cube.ide.mcu.externaltools.gnu-tools-for-stm32.9-2020-q2-update.win32_2.0.0.202105311346/tools/bin/../lib/gcc/arm-none-eabi/9.3.1/../../../../arm-none-eabi/lib/thumb/v7e-m+fp/hard\libc_nano.a(lib_a-init.o)
                0x00000000080048cc                __libc_init_array
 .text.memset   0x0000000008004914       0x10 c:/st/stm32cubeide_1.7.0/stm32cubeide/plugins/com.st.stm32cube.ide.mcu.externaltools.gnu-tools-for-stm32.9-2020-q2-update.win32_2.0.0.202105311346/tools/bin/../lib/gcc/arm-none-eabi/9.3.1/../../../../arm-none-eabi/lib/thumb/v7e-m+fp/hard\libc_nano.a(lib_a-memset.o)
                0x0000000008004914                memset
 *(.glue_7)
 .glue_7        0x0000000008004924        0x0 linker stubs
 *(.glue_7t)
 .glue_7t       0x0000000008004924        0x0 linker stubs
 *(.eh_frame)
 .eh_frame      0x0000000008004924        0x0 c:/st/stm32cubeide_1.7.0/stm32cubeide/plugins/com.st.stm32cube.ide.mcu.externaltools.gnu-tools-for-stm32.9-2020-q2-update.win32_2.0.0.202105311346/tools/bin/../lib/gcc/arm-none-eabi/9.3.1/thumb/v7e-m+fp/hard/crtbegin.o
 *(.init)
 .init          0x0000000008004924        0x4 c:/st/stm32cubeide_1.7.0/stm32cubeide/plugins/com.st.stm32cube.ide.mcu.externaltools.gnu-tools-for-stm32.9-2020-q2-update.win32_2.0.0.202105311346/tools/bin/../lib/gcc/arm-none-eabi/9.3.1/thumb/v7e-m+fp/hard/crti.o
                0x0000000008004924                _init
 .init          0x0000000008004928        0x8 c:/st/stm32cubeide_1.7.0/stm32cubeide/plugins/com.st.stm32cube.ide.mcu.externaltools.gnu-tools-for-stm32.9-2020-q2-update.win32_2.0.0.202105311346/tools/bin/../lib/gcc/arm-none-eabi/9.3.1/thumb/v7e-m+fp/hard/crtn.o
 *(.fini)
 .fini          0x0000000008004930        0x4 c:/st/stm32cubeide_1.7.0/stm32cubeide/plugins/com.st.stm32cube.ide.mcu.externaltools.gnu-tools-for-stm32.9-2020-q2-update.win32_2.0.0.202105311346/tools/bin/../lib/gcc/arm-none-eabi/9.3.1/thumb/v7e-m+fp/hard/crti.o
                0x0000000008004930                _fini
 .fini          0x0000000008004934        0x8 c:/st/stm32cubeide_1.7.0/stm32cubeide/plugins/com.st.stm32cube.ide.mcu.externaltools.gnu-tools-for-stm32.9-2020-q2-update.win32_2.0.0.202105311346/tools/bin/../lib/gcc/arm-none-eabi/9.3.1/thumb/v7e-m+fp/hard/crtn.o
                0x000000000800493c                . = ALIGN (0x4)
                0x000000000800493c                _etext = .

.vfp11_veneer   0x000000000800493c        0x0
 .vfp11_veneer  0x000000000800493c        0x0 linker stubs

.v4_bx          0x000000000800493c        0x0
 .v4_bx         0x000000000800493c        0x0 linker stubs

.iplt           0x000000000800493c        0x0
 .iplt          0x000000000800493c        0x0 c:/st/stm32cubeide_1.7.0/stm32cubeide/plugins/com.st.stm32cube.ide.mcu.externaltools.gnu-tools-for-stm32.9-2020-q2-update.win32_2.0.0.202105311346/tools/bin/../lib/gcc/arm-none-eabi/9.3.1/thumb/v7e-m+fp/hard/crtbegin.o

.rodata         0x000000000800493c      0x12c
                0x000000000800493c                . = ALIGN (0x4)
 *(.rodata)
 .rodata        0x000000000800493c       0x20 ./Drivers/STM32WBxx_HAL_Driver/Src/stm32wbxx_hal_rcc.o
 *(.rodata*)
 .rodata.lr1110_hal_write_read.str1.1
                0x000000000800495c       0x36 ./Core/Src/lr1110/lr1110_hal.o
 .rodata.lr1110_modem_set_transmit.str1.1
                0x0000000008004992        0xb ./Core/Src/main.o
                                         0x14 (size before relaxing)
 *fill*         0x000000000800499d        0x3 
 .rodata.AHBPrescTable
                0x00000000080049a0       0x40 ./Core/Src/system_stm32wbxx.o
                0x00000000080049a0                AHBPrescTable
 .rodata.MSIRangeTable
                0x00000000080049e0       0x40 ./Core/Src/system_stm32wbxx.o
                0x00000000080049e0                MSIRangeTable
 .rodata.USBD_CDC_ManufacturerStrDescriptor.str1.1
                0x0000000008004a20       0x13 ./USB_Device/App/usbd_desc.o
 .rodata.USBD_CDC_ProductStrDescriptor.str1.1
                0x0000000008004a33       0x16 ./USB_Device/App/usbd_desc.o
 .rodata.USBD_CDC_ConfigStrDescriptor.str1.1
                0x0000000008004a49        0xb ./USB_Device/App/usbd_desc.o
 .rodata.USBD_CDC_InterfaceStrDescriptor.str1.1
                0x0000000008004a54        0xe ./USB_Device/App/usbd_desc.o
 .rodata.CSWTCH.7
                0x0000000008004a62        0x4 ./USB_Device/Target/usbd_conf.o
                0x0000000008004a68                . = ALIGN (0x4)
 *fill*         0x0000000008004a66        0x2 

.rel.dyn        0x0000000008004a68        0x0
 .rel.iplt      0x0000000008004a68        0x0 c:/st/stm32cubeide_1.7.0/stm32cubeide/plugins/com.st.stm32cube.ide.mcu.externaltools.gnu-tools-for-stm32.9-2020-q2-update.win32_2.0.0.202105311346/tools/bin/../lib/gcc/arm-none-eabi/9.3.1/thumb/v7e-m+fp/hard/crtbegin.o

.ARM.extab
 *(.ARM.extab* .gnu.linkonce.armextab.*)

.ARM            0x0000000008004a68        0x0
                0x0000000008004a68                __exidx_start = .
 *(.ARM.exidx*)
                0x0000000008004a68                __exidx_end = .

.preinit_array  0x0000000008004a68        0x0
                0x0000000008004a68                PROVIDE (__preinit_array_start = .)
 *(.preinit_array*)
                0x0000000008004a68                PROVIDE (__preinit_array_end = .)

.init_array     0x0000000008004a68        0x4
                0x0000000008004a68                PROVIDE (__init_array_start = .)
 *(SORT_BY_NAME(.init_array.*))
 *(.init_array*)
 .init_array    0x0000000008004a68        0x4 c:/st/stm32cubeide_1.7.0/stm32cubeide/plugins/com.st.stm32cube.ide.mcu.externaltools.gnu-tools-for-stm32.9-2020-q2-update.win32_2.0.0.202105311346/tools/bin/../lib/gcc/arm-none-eabi/9.3.1/thumb/v7e-m+fp/hard/crtbegin.o
                0x0000000008004a6c                PROVIDE (__init_array_end = .)

.fini_array     0x0000000008004a6c        0x4
                [!provide]                        PROVIDE (__fini_array_start = .)
 *(SORT_BY_NAME(.fini_array.*))
 *(.fini_array*)
 .fini_array    0x0000000008004a6c        0x4 c:/st/stm32cubeide_1.7.0/stm32cubeide/plugins/com.st.stm32cube.ide.mcu.externaltools.gnu-tools-for-stm32.9-2020-q2-update.win32_2.0.0.202105311346/tools/bin/../lib/gcc/arm-none-eabi/9.3.1/thumb/v7e-m+fp/hard/crtbegin.o
                [!provide]                        PROVIDE (__fini_array_end = .)
                0x0000000008004a70                _sidata = LOADADDR (.data)

.data           0x0000000020000004      0x184 load address 0x0000000008004a70
                0x0000000020000004                . = ALIGN (0x4)
                0x0000000020000004                _sdata = .
 *(.data)
 *(.data*)
 .data.SystemCoreClock
                0x0000000020000004        0x4 ./Core/Src/system_stm32wbxx.o
                0x0000000020000004                SystemCoreClock
 .data.uwTickFreq
                0x0000000020000008        0x1 ./Drivers/STM32WBxx_HAL_Driver/Src/stm32wbxx_hal.o
                0x0000000020000008                uwTickFreq
 *fill*         0x0000000020000009        0x3 
 .data.uwTickPrio
                0x000000002000000c        0x4 ./Drivers/STM32WBxx_HAL_Driver/Src/stm32wbxx_hal.o
                0x000000002000000c                uwTickPrio
 .data.USBD_CDC
                0x0000000020000010       0x38 ./Middlewares/ST/STM32_USB_Device_Library/Class/CDC/Src/usbd_cdc.o
                0x0000000020000010                USBD_CDC
 .data.USBD_CDC_CfgFSDesc
                0x0000000020000048       0x43 ./Middlewares/ST/STM32_USB_Device_Library/Class/CDC/Src/usbd_cdc.o
 *fill*         0x000000002000008b        0x1 
 .data.USBD_CDC_CfgHSDesc
                0x000000002000008c       0x43 ./Middlewares/ST/STM32_USB_Device_Library/Class/CDC/Src/usbd_cdc.o
 *fill*         0x00000000200000cf        0x1 
 .data.USBD_CDC_DeviceQualifierDesc
                0x00000000200000d0        0xa ./Middlewares/ST/STM32_USB_Device_Library/Class/CDC/Src/usbd_cdc.o
 *fill*         0x00000000200000da        0x2 
 .data.USBD_CDC_OtherSpeedCfgDesc
                0x00000000200000dc       0x43 ./Middlewares/ST/STM32_USB_Device_Library/Class/CDC/Src/usbd_cdc.o
 *fill*         0x000000002000011f        0x1 
 .data.USBD_Interface_fops_FS
                0x0000000020000120       0x14 ./USB_Device/App/usbd_cdc_if.o
                0x0000000020000120                USBD_Interface_fops_FS
 .data.CDC_Desc
                0x0000000020000134       0x20 ./USB_Device/App/usbd_desc.o
                0x0000000020000134                CDC_Desc
 .data.USBD_CDC_DeviceDesc
                0x0000000020000154       0x12 ./USB_Device/App/usbd_desc.o
                0x0000000020000154                USBD_CDC_DeviceDesc
 *fill*         0x0000000020000166        0x2 
 .data.USBD_LangIDDesc
                0x0000000020000168        0x4 ./USB_Device/App/usbd_desc.o
                0x0000000020000168                USBD_LangIDDesc
 .data.USBD_StringSerial
                0x000000002000016c       0x1a ./USB_Device/App/usbd_desc.o
                0x000000002000016c                USBD_StringSerial
                0x0000000020000188                . = ALIGN (0x4)
 *fill*         0x0000000020000186        0x2 
                0x0000000020000188                _edata = .

.igot.plt       0x0000000020000188        0x0 load address 0x0000000008004bf4
 .igot.plt      0x0000000020000188        0x0 c:/st/stm32cubeide_1.7.0/stm32cubeide/plugins/com.st.stm32cube.ide.mcu.externaltools.gnu-tools-for-stm32.9-2020-q2-update.win32_2.0.0.202105311346/tools/bin/../lib/gcc/arm-none-eabi/9.3.1/thumb/v7e-m+fp/hard/crtbegin.o
                0x0000000020000188                . = ALIGN (0x4)

.bss            0x0000000020000188     0x1b10 load address 0x0000000008004bf4
                0x0000000020000188                _sbss = .
                0x0000000020000188                __bss_start__ = _sbss
 *(.bss)
 .bss           0x0000000020000188       0x1c c:/st/stm32cubeide_1.7.0/stm32cubeide/plugins/com.st.stm32cube.ide.mcu.externaltools.gnu-tools-for-stm32.9-2020-q2-update.win32_2.0.0.202105311346/tools/bin/../lib/gcc/arm-none-eabi/9.3.1/thumb/v7e-m+fp/hard/crtbegin.o
 *(.bss*)
 .bss.cfgidx.13316
                0x00000000200001a4        0x1 ./Middlewares/ST/STM32_USB_Device_Library/Core/Src/usbd_ctlreq.o
 *fill*         0x00000000200001a5        0x3 
 .bss.mem.13394
                0x00000000200001a8      0x220 ./USB_Device/Target/usbd_conf.o
 *(COMMON)
 COMMON         0x00000000200003c8       0x30 ./Core/Src/lr1110/lr1110_hal.o
                0x00000000200003c8                lr1110
 COMMON         0x00000000200003f8      0x158 ./Core/Src/main.o
                0x00000000200003f8                pwr_in_dbm
                0x00000000200003f9                mod_params
                0x0000000020000400                hspi2
                0x0000000020000464                QSPI_CMD
                0x0000000020000498                pa_cfg
                0x000000002000049c                hlptim1
                0x00000000200004d4                irq
                0x00000000200004d8                hrtc
                0x00000000200004fc                ramp_time
                0x00000000200004fd                rf_switch_cfg
                0x0000000020000506                pkt_param
                0x000000002000050c                hqspi
 COMMON         0x0000000020000550        0x4 ./Drivers/STM32WBxx_HAL_Driver/Src/stm32wbxx_hal.o
                0x0000000020000550                uwTick
 COMMON         0x0000000020000554      0x2d0 ./USB_Device/App/usb_device.o
                0x0000000020000554                hUsbDeviceFS
 COMMON         0x0000000020000824     0x1000 ./USB_Device/App/usbd_cdc_if.o
                0x0000000020000824                UserRxBufferFS
                0x0000000020001024                UserTxBufferFS
 COMMON         0x0000000020001824      0x200 ./USB_Device/App/usbd_desc.o
                0x0000000020001824                USBD_StrDesc
 COMMON         0x0000000020001a24      0x274 ./USB_Device/Target/usbd_conf.o
                0x0000000020001a24                hpcd_USB_FS
                0x0000000020001c98                . = ALIGN (0x4)
                0x0000000020001c98                _ebss = .
                0x0000000020001c98                __bss_end__ = _ebss

._user_heap_stack
                0x0000000020001c98      0x600 load address 0x0000000008004bf4
                0x0000000020001c98                . = ALIGN (0x8)
                [!provide]                        PROVIDE (end = .)
                0x0000000020001c98                PROVIDE (_end = .)
                0x0000000020001e98                . = (. + _Min_Heap_Size)
 *fill*         0x0000000020001c98      0x200 
                0x0000000020002298                . = (. + _Min_Stack_Size)
 *fill*         0x0000000020001e98      0x400 
                0x0000000020002298                . = ALIGN (0x8)

/DISCARD/
 libc.a(*)
 libm.a(*)
 libgcc.a(*)

.ARM.attributes
                0x0000000000000000       0x30
 *(.ARM.attributes)
 .ARM.attributes
                0x0000000000000000       0x1e c:/st/stm32cubeide_1.7.0/stm32cubeide/plugins/com.st.stm32cube.ide.mcu.externaltools.gnu-tools-for-stm32.9-2020-q2-update.win32_2.0.0.202105311346/tools/bin/../lib/gcc/arm-none-eabi/9.3.1/thumb/v7e-m+fp/hard/crti.o
 .ARM.attributes
                0x000000000000001e       0x34 c:/st/stm32cubeide_1.7.0/stm32cubeide/plugins/com.st.stm32cube.ide.mcu.externaltools.gnu-tools-for-stm32.9-2020-q2-update.win32_2.0.0.202105311346/tools/bin/../lib/gcc/arm-none-eabi/9.3.1/thumb/v7e-m+fp/hard/crtbegin.o
 .ARM.attributes
                0x0000000000000052       0x34 ./Core/Src/lr1110/lr1110_hal.o
 .ARM.attributes
                0x0000000000000086       0x34 ./Core/Src/lr1110/lr1110_radio.o
 .ARM.attributes
                0x00000000000000ba       0x34 ./Core/Src/lr1110/lr1110_regmem.o
 .ARM.attributes
                0x00000000000000ee       0x34 ./Core/Src/lr1110/lr1110_system.o
 .ARM.attributes
                0x0000000000000122       0x34 ./Core/Src/main.o
 .ARM.attributes
                0x0000000000000156       0x34 ./Core/Src/stm32wbxx_hal_msp.o
 .ARM.attributes
                0x000000000000018a       0x34 ./Core/Src/stm32wbxx_it.o
 .ARM.attributes
                0x00000000000001be       0x34 ./Core/Src/system_stm32wbxx.o
 .ARM.attributes
                0x00000000000001f2       0x21 ./Core/Startup/startup_stm32wb55rgvx.o
 .ARM.attributes
                0x0000000000000213       0x34 ./Drivers/STM32WBxx_HAL_Driver/Src/stm32wbxx_hal.o
 .ARM.attributes
                0x0000000000000247       0x34 ./Drivers/STM32WBxx_HAL_Driver/Src/stm32wbxx_hal_cortex.o
 .ARM.attributes
                0x000000000000027b       0x34 ./Drivers/STM32WBxx_HAL_Driver/Src/stm32wbxx_hal_gpio.o
 .ARM.attributes
                0x00000000000002af       0x34 ./Drivers/STM32WBxx_HAL_Driver/Src/stm32wbxx_hal_lptim.o
 .ARM.attributes
                0x00000000000002e3       0x34 ./Drivers/STM32WBxx_HAL_Driver/Src/stm32wbxx_hal_pcd.o
 .ARM.attributes
                0x0000000000000317       0x34 ./Drivers/STM32WBxx_HAL_Driver/Src/stm32wbxx_hal_pcd_ex.o
 .ARM.attributes
                0x000000000000034b       0x34 ./Drivers/STM32WBxx_HAL_Driver/Src/stm32wbxx_hal_pwr.o
 .ARM.attributes
                0x000000000000037f       0x34 ./Drivers/STM32WBxx_HAL_Driver/Src/stm32wbxx_hal_pwr_ex.o
 .ARM.attributes
                0x00000000000003b3       0x34 ./Drivers/STM32WBxx_HAL_Driver/Src/stm32wbxx_hal_qspi.o
 .ARM.attributes
                0x00000000000003e7       0x34 ./Drivers/STM32WBxx_HAL_Driver/Src/stm32wbxx_hal_rcc.o
 .ARM.attributes
                0x000000000000041b       0x34 ./Drivers/STM32WBxx_HAL_Driver/Src/stm32wbxx_hal_rcc_ex.o
 .ARM.attributes
                0x000000000000044f       0x34 ./Drivers/STM32WBxx_HAL_Driver/Src/stm32wbxx_hal_spi.o
 .ARM.attributes
                0x0000000000000483       0x34 ./Drivers/STM32WBxx_HAL_Driver/Src/stm32wbxx_ll_usb.o
 .ARM.attributes
                0x00000000000004b7       0x34 ./Middlewares/ST/STM32_USB_Device_Library/Class/CDC/Src/usbd_cdc.o
 .ARM.attributes
                0x00000000000004eb       0x34 ./Middlewares/ST/STM32_USB_Device_Library/Core/Src/usbd_core.o
 .ARM.attributes
                0x000000000000051f       0x34 ./Middlewares/ST/STM32_USB_Device_Library/Core/Src/usbd_ctlreq.o
 .ARM.attributes
                0x0000000000000553       0x34 ./Middlewares/ST/STM32_USB_Device_Library/Core/Src/usbd_ioreq.o
 .ARM.attributes
                0x0000000000000587       0x34 ./USB_Device/App/usb_device.o
 .ARM.attributes
                0x00000000000005bb       0x34 ./USB_Device/App/usbd_cdc_if.o
 .ARM.attributes
                0x00000000000005ef       0x34 ./USB_Device/App/usbd_desc.o
 .ARM.attributes
                0x0000000000000623       0x34 ./USB_Device/Target/usbd_conf.o
 .ARM.attributes
                0x0000000000000657       0x34 c:/st/stm32cubeide_1.7.0/stm32cubeide/plugins/com.st.stm32cube.ide.mcu.externaltools.gnu-tools-for-stm32.9-2020-q2-update.win32_2.0.0.202105311346/tools/bin/../lib/gcc/arm-none-eabi/9.3.1/../../../../arm-none-eabi/lib/thumb/v7e-m+fp/hard\libc_nano.a(lib_a-init.o)
 .ARM.attributes
                0x000000000000068b       0x34 c:/st/stm32cubeide_1.7.0/stm32cubeide/plugins/com.st.stm32cube.ide.mcu.externaltools.gnu-tools-for-stm32.9-2020-q2-update.win32_2.0.0.202105311346/tools/bin/../lib/gcc/arm-none-eabi/9.3.1/../../../../arm-none-eabi/lib/thumb/v7e-m+fp/hard\libc_nano.a(lib_a-memset.o)
 .ARM.attributes
                0x00000000000006bf       0x1e c:/st/stm32cubeide_1.7.0/stm32cubeide/plugins/com.st.stm32cube.ide.mcu.externaltools.gnu-tools-for-stm32.9-2020-q2-update.win32_2.0.0.202105311346/tools/bin/../lib/gcc/arm-none-eabi/9.3.1/thumb/v7e-m+fp/hard/crtn.o

MAPPING_TABLE
 *(MAPPING_TABLE)

MB_MEM1
 *(MB_MEM1)

MB_MEM2         0x0000000020030000        0x0
                0x0000000020030000                _sMB_MEM2 = .
 *(MB_MEM2)
                0x0000000020030000                _eMB_MEM2 = .
OUTPUT(Test.elf elf32-littlearm)
LOAD linker stubs
LOAD c:/st/stm32cubeide_1.7.0/stm32cubeide/plugins/com.st.stm32cube.ide.mcu.externaltools.gnu-tools-for-stm32.9-2020-q2-update.win32_2.0.0.202105311346/tools/bin/../lib/gcc/arm-none-eabi/9.3.1/../../../../arm-none-eabi/lib/thumb/v7e-m+fp/hard\libc.a
LOAD c:/st/stm32cubeide_1.7.0/stm32cubeide/plugins/com.st.stm32cube.ide.mcu.externaltools.gnu-tools-for-stm32.9-2020-q2-update.win32_2.0.0.202105311346/tools/bin/../lib/gcc/arm-none-eabi/9.3.1/../../../../arm-none-eabi/lib/thumb/v7e-m+fp/hard\libm.a
LOAD c:/st/stm32cubeide_1.7.0/stm32cubeide/plugins/com.st.stm32cube.ide.mcu.externaltools.gnu-tools-for-stm32.9-2020-q2-update.win32_2.0.0.202105311346/tools/bin/../lib/gcc/arm-none-eabi/9.3.1/thumb/v7e-m+fp/hard\libgcc.a

.comment        0x0000000000000000       0x53
 .comment       0x0000000000000000       0x53 ./Core/Src/lr1110/lr1110_hal.o
                                         0x54 (size before relaxing)
 .comment       0x0000000000000053       0x54 ./Core/Src/lr1110/lr1110_radio.o
 .comment       0x0000000000000053       0x54 ./Core/Src/lr1110/lr1110_regmem.o
 .comment       0x0000000000000053       0x54 ./Core/Src/lr1110/lr1110_system.o
 .comment       0x0000000000000053       0x54 ./Core/Src/main.o
 .comment       0x0000000000000053       0x54 ./Core/Src/stm32wbxx_hal_msp.o
 .comment       0x0000000000000053       0x54 ./Core/Src/stm32wbxx_it.o
 .comment       0x0000000000000053       0x54 ./Core/Src/system_stm32wbxx.o
 .comment       0x0000000000000053       0x54 ./Drivers/STM32WBxx_HAL_Driver/Src/stm32wbxx_hal.o
 .comment       0x0000000000000053       0x54 ./Drivers/STM32WBxx_HAL_Driver/Src/stm32wbxx_hal_cortex.o
 .comment       0x0000000000000053       0x54 ./Drivers/STM32WBxx_HAL_Driver/Src/stm32wbxx_hal_gpio.o
 .comment       0x0000000000000053       0x54 ./Drivers/STM32WBxx_HAL_Driver/Src/stm32wbxx_hal_lptim.o
 .comment       0x0000000000000053       0x54 ./Drivers/STM32WBxx_HAL_Driver/Src/stm32wbxx_hal_pcd.o
 .comment       0x0000000000000053       0x54 ./Drivers/STM32WBxx_HAL_Driver/Src/stm32wbxx_hal_pcd_ex.o
 .comment       0x0000000000000053       0x54 ./Drivers/STM32WBxx_HAL_Driver/Src/stm32wbxx_hal_pwr.o
 .comment       0x0000000000000053       0x54 ./Drivers/STM32WBxx_HAL_Driver/Src/stm32wbxx_hal_pwr_ex.o
 .comment       0x0000000000000053       0x54 ./Drivers/STM32WBxx_HAL_Driver/Src/stm32wbxx_hal_qspi.o
 .comment       0x0000000000000053       0x54 ./Drivers/STM32WBxx_HAL_Driver/Src/stm32wbxx_hal_rcc.o
 .comment       0x0000000000000053       0x54 ./Drivers/STM32WBxx_HAL_Driver/Src/stm32wbxx_hal_rcc_ex.o
 .comment       0x0000000000000053       0x54 ./Drivers/STM32WBxx_HAL_Driver/Src/stm32wbxx_hal_spi.o
 .comment       0x0000000000000053       0x54 ./Drivers/STM32WBxx_HAL_Driver/Src/stm32wbxx_ll_usb.o
 .comment       0x0000000000000053       0x54 ./Middlewares/ST/STM32_USB_Device_Library/Class/CDC/Src/usbd_cdc.o
 .comment       0x0000000000000053       0x54 ./Middlewares/ST/STM32_USB_Device_Library/Core/Src/usbd_core.o
 .comment       0x0000000000000053       0x54 ./Middlewares/ST/STM32_USB_Device_Library/Core/Src/usbd_ctlreq.o
 .comment       0x0000000000000053       0x54 ./Middlewares/ST/STM32_USB_Device_Library/Core/Src/usbd_ioreq.o
 .comment       0x0000000000000053       0x54 ./USB_Device/App/usb_device.o
 .comment       0x0000000000000053       0x54 ./USB_Device/App/usbd_cdc_if.o
 .comment       0x0000000000000053       0x54 ./USB_Device/App/usbd_desc.o
 .comment       0x0000000000000053       0x54 ./USB_Device/Target/usbd_conf.o

.debug_frame    0x0000000000000000       0x4c
 .debug_frame   0x0000000000000000       0x2c c:/st/stm32cubeide_1.7.0/stm32cubeide/plugins/com.st.stm32cube.ide.mcu.externaltools.gnu-tools-for-stm32.9-2020-q2-update.win32_2.0.0.202105311346/tools/bin/../lib/gcc/arm-none-eabi/9.3.1/../../../../arm-none-eabi/lib/thumb/v7e-m+fp/hard\libc_nano.a(lib_a-init.o)
 .debug_frame   0x000000000000002c       0x20 c:/st/stm32cubeide_1.7.0/stm32cubeide/plugins/com.st.stm32cube.ide.mcu.externaltools.gnu-tools-for-stm32.9-2020-q2-update.win32_2.0.0.202105311346/tools/bin/../lib/gcc/arm-none-eabi/9.3.1/../../../../arm-none-eabi/lib/thumb/v7e-m+fp/hard\libc_nano.a(lib_a-memset.o)
